Component: ARM Compiler 5.06 update 7 (build 960) Tool: armlink [4d3601]

==============================================================================

Section Cross References

    startup_stm32f072xb.o(STACK) refers (Special) to heapauxi.o(.text) for __use_two_region_memory
    startup_stm32f072xb.o(HEAP) refers (Special) to heapauxi.o(.text) for __use_two_region_memory
    startup_stm32f072xb.o(RESET) refers (Special) to heapauxi.o(.text) for __use_two_region_memory
    startup_stm32f072xb.o(RESET) refers to startup_stm32f072xb.o(STACK) for __initial_sp
    startup_stm32f072xb.o(RESET) refers to startup_stm32f072xb.o(.text) for Reset_Handler
    startup_stm32f072xb.o(RESET) refers to stm32f0xx_it.o(i.NMI_Handler) for NMI_Handler
    startup_stm32f072xb.o(RESET) refers to stm32f0xx_it.o(i.HardFault_Handler) for HardFault_Handler
    startup_stm32f072xb.o(RESET) refers to stm32f0xx_it.o(i.SVC_Handler) for SVC_Handler
    startup_stm32f072xb.o(RESET) refers to stm32f0xx_it.o(i.PendSV_Handler) for PendSV_Handler
    startup_stm32f072xb.o(RESET) refers to stm32f0xx_it.o(i.SysTick_Handler) for SysTick_Handler
    startup_stm32f072xb.o(RESET) refers to motor.o(i.TIM6_DAC_IRQHandler) for TIM6_DAC_IRQHandler
    startup_stm32f072xb.o(RESET) refers to motor.o(i.TIM7_IRQHandler) for TIM7_IRQHandler
    startup_stm32f072xb.o(.text) refers (Special) to heapauxi.o(.text) for __use_two_region_memory
    startup_stm32f072xb.o(.text) refers to system_stm32f0xx.o(i.SystemInit) for SystemInit
    startup_stm32f072xb.o(.text) refers to __main.o(!!!main) for __main
    startup_stm32f072xb.o(.text) refers to startup_stm32f072xb.o(HEAP) for Heap_Mem
    startup_stm32f072xb.o(.text) refers to startup_stm32f072xb.o(STACK) for Stack_Mem
    main.o(i.SystemClock_Config) refers to rt_memclr.o(.text) for __aeabi_memclr4
    main.o(i.SystemClock_Config) refers to stm32f0xx_hal_rcc.o(i.HAL_RCC_OscConfig) for HAL_RCC_OscConfig
    main.o(i.SystemClock_Config) refers to stm32f0xx_hal_rcc.o(i.HAL_RCC_ClockConfig) for HAL_RCC_ClockConfig
    main.o(i.main) refers to stm32f0xx_hal.o(i.HAL_Init) for HAL_Init
    main.o(i.main) refers to main.o(i.SystemClock_Config) for SystemClock_Config
    main.o(i.main) refers to distance_front.o(i.USART3_Init) for USART3_Init
    main.o(i.main) refers to bt_usart.o(i.BT_usart_init) for BT_usart_init
    main.o(i.main) refers to main.o(i.LED_Init) for LED_Init
    main.o(i.main) refers to color_sensor_set.o(i.color_sensor_init) for color_sensor_init
    main.o(i.main) refers to bt_usart.o(i.BT_usart_transmit_message) for BT_usart_transmit_message
    main.o(i.main) refers to bt_usart.o(i.BT_usart_receive_char) for BT_usart_receive_char
    main.o(i.main) refers to stm32f0xx_hal.o(i.HAL_Delay) for HAL_Delay
    main.o(i.main) refers to distance_front.o(i.Sonar_GetDistance) for Sonar_GetDistance
    main.o(i.main) refers to color_sensor_set.o(i.getColor) for getColor
    main.o(i.main) refers to bt_usart.o(i.itoa) for itoa
    main.o(i.main) refers to i3g_ir.o(i.ir_2_getDist) for ir_2_getDist
    stm32f0xx_it.o(i.SysTick_Handler) refers to stm32f0xx_hal.o(i.HAL_IncTick) for HAL_IncTick
    bt_usart.o(i.BT_usart_init) refers to stm32f0xx_hal_rcc.o(i.HAL_RCC_GetHCLKFreq) for HAL_RCC_GetHCLKFreq
    bt_usart.o(i.BT_usart_init) refers to aeabi_sdiv.o(.text) for __aeabi_uidivmod
    bt_usart.o(i.BT_usart_transmit_message) refers to stm32f0xx_hal.o(i.HAL_Delay) for HAL_Delay
    bt_usart.o(i.itoa) refers to dflti.o(.text) for __aeabi_i2d
    bt_usart.o(i.itoa) refers to log.o(i.log) for log
    bt_usart.o(i.itoa) refers to ddiv.o(.text) for __aeabi_ddiv
    bt_usart.o(i.itoa) refers to floor.o(i.floor) for floor
    bt_usart.o(i.itoa) refers to dfixi.o(.text) for __aeabi_d2iz
    bt_usart.o(i.itoa) refers to pow.o(i.pow) for pow
    bt_usart.o(i.itoa) refers to aeabi_sdiv.o(.text) for __aeabi_idivmod
    color_sensor_set.o(i.Rx_1_Byte) refers to color_sensor_set.o(.data) for .data
    color_sensor_set.o(i.Rx_2_Bytes) refers to color_sensor_set.o(.data) for .data
    color_sensor_set.o(i.Tx_1_Byte) refers to color_sensor_set.o(.data) for .data
    color_sensor_set.o(i.Tx_2_Bytes) refers to color_sensor_set.o(.data) for .data
    color_sensor_set.o(i.color_sensor_init) refers to color_sensor_set.o(i.Tx_2_Bytes) for Tx_2_Bytes
    color_sensor_set.o(i.color_sensor_init) refers to color_sensor_set.o(.data) for .data
    color_sensor_set.o(i.getColor) refers to color_sensor_set.o(i.Tx_1_Byte) for Tx_1_Byte
    color_sensor_set.o(i.getColor) refers to color_sensor_set.o(i.Rx_1_Byte) for Rx_1_Byte
    color_sensor_set.o(i.getColor) refers to color_sensor_set.o(.data) for .data
    distance_front.o(i.GetFrontDistance) refers to distance_front.o(i.transmit) for transmit
    distance_front.o(i.GetFrontDistance) refers to distance_front.o(i.receive_char) for receive_char
    distance_front.o(i.GetFrontDistance) refers to distance_front.o(.data) for .data
[...]
    Removing stm32f0xx_hal_i2c.o(i.HAL_I2C_Mem_Write), (332 bytes).
    Removing stm32f0xx_hal_i2c.o(i.HAL_I2C_Mem_Write_DMA), (248 bytes).
    Removing stm32f0xx_hal_i2c.o(i.HAL_I2C_Mem_Write_IT), (156 bytes).
    Removing stm32f0xx_hal_i2c.o(i.HAL_I2C_MspDeInit), (2 bytes).
    Removing stm32f0xx_hal_i2c.o(i.HAL_I2C_MspInit), (2 bytes).
    Removing stm32f0xx_hal_i2c.o(i.HAL_I2C_SlaveRxCpltCallback), (2 bytes).
    Removing stm32f0xx_hal_i2c.o(i.HAL_I2C_SlaveTxCpltCallback), (2 bytes).
    Removing stm32f0xx_hal_i2c.o(i.HAL_I2C_Slave_Receive), (294 bytes).
    Removing stm32f0xx_hal_i2c.o(i.HAL_I2C_Slave_Receive_DMA), (200 bytes).
    Removing stm32f0xx_hal_i2c.o(i.HAL_I2C_Slave_Receive_IT), (88 bytes).
    Removing stm32f0xx_hal_i2c.o(i.HAL_I2C_Slave_Seq_Receive_DMA), (372 bytes).
    Removing stm32f0xx_hal_i2c.o(i.HAL_I2C_Slave_Seq_Receive_IT), (212 bytes).
    Removing stm32f0xx_hal_i2c.o(i.HAL_I2C_Slave_Seq_Transmit_DMA), (376 bytes).
    Removing stm32f0xx_hal_i2c.o(i.HAL_I2C_Slave_Seq_Transmit_IT), (216 bytes).
    Removing stm32f0xx_hal_i2c.o(i.HAL_I2C_Slave_Transmit), (342 bytes).
    Removing stm32f0xx_hal_i2c.o(i.HAL_I2C_Slave_Transmit_DMA), (260 bytes).
    Removing stm32f0xx_hal_i2c.o(i.HAL_I2C_Slave_Transmit_IT), (124 bytes).
    Removing stm32f0xx_hal_i2c.o(i.I2C_ConvertOtherXferOptions), (28 bytes).
    Removing stm32f0xx_hal_i2c.o(i.I2C_DMAAbort), (28 bytes).
    Removing stm32f0xx_hal_i2c.o(i.I2C_DMAError), (24 bytes).
    Removing stm32f0xx_hal_i2c.o(i.I2C_DMAMasterReceiveCplt), (84 bytes).
    Removing stm32f0xx_hal_i2c.o(i.I2C_DMAMasterTransmitCplt), (84 bytes).
    Removing stm32f0xx_hal_i2c.o(i.I2C_DMASlaveReceiveCplt), (42 bytes).
    Removing stm32f0xx_hal_i2c.o(i.I2C_DMASlaveTransmitCplt), (36 bytes).
    Removing stm32f0xx_hal_i2c.o(i.I2C_Disable_IRQ), (82 bytes).
    Removing stm32f0xx_hal_i2c.o(i.I2C_Enable_IRQ), (128 bytes).
    Removing stm32f0xx_hal_i2c.o(i.I2C_Flush_TXDR), (34 bytes).
    Removing stm32f0xx_hal_i2c.o(i.I2C_ITAddrCplt), (124 bytes).
    Removing stm32f0xx_hal_i2c.o(i.I2C_ITError), (276 bytes).
    Removing stm32f0xx_hal_i2c.o(i.I2C_ITListenCplt), (104 bytes).
    Removing stm32f0xx_hal_i2c.o(i.I2C_ITMasterCplt), (216 bytes).
    Removing stm32f0xx_hal_i2c.o(i.I2C_ITMasterSeqCplt), (70 bytes).
    Removing stm32f0xx_hal_i2c.o(i.I2C_ITSlaveCplt), (316 bytes).
    Removing stm32f0xx_hal_i2c.o(i.I2C_ITSlaveSeqCplt), (106 bytes).
    Removing stm32f0xx_hal_i2c.o(i.I2C_IsErrorOccurred), (272 bytes).
    Removing stm32f0xx_hal_i2c.o(i.I2C_Master_ISR_DMA), (268 bytes).
    Removing stm32f0xx_hal_i2c.o(i.I2C_Master_ISR_IT), (304 bytes).
    Removing stm32f0xx_hal_i2c.o(i.I2C_Mem_ISR_DMA), (272 bytes).
    Removing stm32f0xx_hal_i2c.o(i.I2C_Mem_ISR_IT), (288 bytes).
    Removing stm32f0xx_hal_i2c.o(i.I2C_RequestMemoryRead), (96 bytes).
    Removing stm32f0xx_hal_i2c.o(i.I2C_RequestMemoryWrite), (96 bytes).
    Removing stm32f0xx_hal_i2c.o(i.I2C_Slave_ISR_DMA), (274 bytes).
    Removing stm32f0xx_hal_i2c.o(i.I2C_Slave_ISR_IT), (304 bytes).
    Removing stm32f0xx_hal_i2c.o(i.I2C_TransferConfig), (44 bytes).
    Removing stm32f0xx_hal_i2c.o(i.I2C_TreatErrorCallback), (38 bytes).
    Removing stm32f0xx_hal_i2c.o(i.I2C_WaitOnFlagUntilTimeout), (98 bytes).
    Removing stm32f0xx_hal_i2c.o(i.I2C_WaitOnRXNEFlagUntilTimeout), (156 bytes).
    Removing stm32f0xx_hal_i2c.o(i.I2C_WaitOnSTOPFlagUntilTimeout), (86 bytes).
    Removing stm32f0xx_hal_i2c.o(i.I2C_WaitOnTXISFlagUntilTimeout), (90 bytes).
    Removing stm32f0xx_hal_i2c_ex.o(.rev16_text), (4 bytes).
    Removing stm32f0xx_hal_i2c_ex.o(.revsh_text), (4 bytes).
    Removing stm32f0xx_hal_i2c_ex.o(i.HAL_I2CEx_ConfigAnalogFilter), (74 bytes).
    Removing stm32f0xx_hal_i2c_ex.o(i.HAL_I2CEx_ConfigDigitalFilter), (72 bytes).
    Removing stm32f0xx_hal_i2c_ex.o(i.HAL_I2CEx_DisableFastModePlus), (36 bytes).
    Removing stm32f0xx_hal_i2c_ex.o(i.HAL_I2CEx_DisableWakeUp), (66 bytes).
    Removing stm32f0xx_hal_i2c_ex.o(i.HAL_I2CEx_EnableFastModePlus), (36 bytes).
    Removing stm32f0xx_hal_i2c_ex.o(i.HAL_I2CEx_EnableWakeUp), (66 bytes).
    Removing stm32f0xx_hal_gpio.o(.rev16_text), (4 bytes).
    Removing stm32f0xx_hal_gpio.o(.revsh_text), (4 bytes).
    Removing stm32f0xx_hal_gpio.o(i.HAL_GPIO_DeInit), (228 bytes).
    Removing stm32f0xx_hal_gpio.o(i.HAL_GPIO_EXTI_Callback), (2 bytes).
    Removing stm32f0xx_hal_gpio.o(i.HAL_GPIO_EXTI_IRQHandler), (24 bytes).
    Removing stm32f0xx_hal_gpio.o(i.HAL_GPIO_Init), (436 bytes).
    Removing stm32f0xx_hal_gpio.o(i.HAL_GPIO_LockPin), (36 bytes).
    Removing stm32f0xx_hal_gpio.o(i.HAL_GPIO_ReadPin), (10 bytes).
    Removing stm32f0xx_hal_gpio.o(i.HAL_GPIO_TogglePin), (16 bytes).
    Removing stm32f0xx_hal_gpio.o(i.HAL_GPIO_WritePin), (12 bytes).
    Removing stm32f0xx_hal_dma.o(.rev16_text), (4 bytes).
    Removing stm32f0xx_hal_dma.o(.revsh_text), (4 bytes).
    Removing stm32f0xx_hal_dma.o(i.DMA_CalcBaseAndBitshift), (36 bytes).
    Removing stm32f0xx_hal_dma.o(i.DMA_SetConfig), (40 bytes).
    Removing stm32f0xx_hal_dma.o(i.HAL_DMA_Abort), (64 bytes).
    Removing stm32f0xx_hal_dma.o(i.HAL_DMA_Abort_IT), (72 bytes).
    Removing stm32f0xx_hal_dma.o(i.HAL_DMA_DeInit), (74 bytes).
    Removing stm32f0xx_hal_dma.o(i.HAL_DMA_GetError), (4 bytes).
    Removing stm32f0xx_hal_dma.o(i.HAL_DMA_GetState), (6 bytes).
    Removing stm32f0xx_hal_dma.o(i.HAL_DMA_IRQHandler), (156 bytes).
    Removing stm32f0xx_hal_dma.o(i.HAL_DMA_Init), (84 bytes).
    Removing stm32f0xx_hal_dma.o(i.HAL_DMA_PollForTransfer), (176 bytes).
    Removing stm32f0xx_hal_dma.o(i.HAL_DMA_RegisterCallback), (72 bytes).
    Removing stm32f0xx_hal_dma.o(i.HAL_DMA_Start), (74 bytes).
    Removing stm32f0xx_hal_dma.o(i.HAL_DMA_Start_IT), (106 bytes).
    Removing stm32f0xx_hal_dma.o(i.HAL_DMA_UnRegisterCallback), (78 bytes).
    Removing stm32f0xx_hal_cortex.o(.rev16_text), (4 bytes).
    Removing stm32f0xx_hal_cortex.o(.revsh_text), (4 bytes).
    Removing stm32f0xx_hal_cortex.o(i.HAL_NVIC_ClearPendingIRQ), (24 bytes).
    Removing stm32f0xx_hal_cortex.o(i.HAL_NVIC_DisableIRQ), (32 bytes).
    Removing stm32f0xx_hal_cortex.o(i.HAL_NVIC_EnableIRQ), (24 bytes).
    Removing stm32f0xx_hal_cortex.o(i.HAL_NVIC_GetPendingIRQ), (32 bytes).
    Removing stm32f0xx_hal_cortex.o(i.HAL_NVIC_GetPriority), (52 bytes).
    Removing stm32f0xx_hal_cortex.o(i.HAL_NVIC_SetPendingIRQ), (24 bytes).
    Removing stm32f0xx_hal_cortex.o(i.HAL_NVIC_SystemReset), (28 bytes).
    Removing stm32f0xx_hal_cortex.o(i.HAL_SYSTICK_CLKSourceConfig), (24 bytes).
    Removing stm32f0xx_hal_cortex.o(i.HAL_SYSTICK_Callback), (2 bytes).
    Removing stm32f0xx_hal_cortex.o(i.HAL_SYSTICK_IRQHandler), (8 bytes).
    Removing stm32f0xx_hal_pwr.o(.rev16_text), (4 bytes).
    Removing stm32f0xx_hal_pwr.o(.revsh_text), (4 bytes).
    Removing stm32f0xx_hal_pwr.o(i.HAL_PWR_DeInit), (24 bytes).
    Removing stm32f0xx_hal_pwr.o(i.HAL_PWR_DisableBkUpAccess), (16 bytes).
    Removing stm32f0xx_hal_pwr.o(i.HAL_PWR_DisableSEVOnPend), (16 bytes).
    Removing stm32f0xx_hal_pwr.o(i.HAL_PWR_DisableSleepOnExit), (16 bytes).
    Removing stm32f0xx_hal_pwr.o(i.HAL_PWR_DisableWakeUpPin), (16 bytes).
    Removing stm32f0xx_hal_pwr.o(i.HAL_PWR_EnableBkUpAccess), (16 bytes).
    Removing stm32f0xx_hal_pwr.o(i.HAL_PWR_EnableSEVOnPend), (16 bytes).
    Removing stm32f0xx_hal_pwr.o(i.HAL_PWR_EnableSleepOnExit), (16 bytes).
    Removing stm32f0xx_hal_pwr.o(i.HAL_PWR_EnableWakeUpPin), (16 bytes).
    Removing stm32f0xx_hal_pwr.o(i.HAL_PWR_EnterSLEEPMode), (32 bytes).
    Removing stm32f0xx_hal_pwr.o(i.HAL_PWR_EnterSTANDBYMode), (32 bytes).
    Removing stm32f0xx_hal_pwr.o(i.HAL_PWR_EnterSTOPMode), (52 bytes).
    Removing stm32f0xx_hal_pwr_ex.o(.rev16_text), (4 bytes).
    Removing stm32f0xx_hal_pwr_ex.o(.revsh_text), (4 bytes).
    Removing stm32f0xx_hal_pwr_ex.o(i.HAL_PWREx_DisableVddio2Monitor), (32 bytes).
    Removing stm32f0xx_hal_pwr_ex.o(i.HAL_PWREx_EnableVddio2Monitor), (24 bytes).
    Removing stm32f0xx_hal_pwr_ex.o(i.HAL_PWREx_Vddio2MonitorCallback), (2 bytes).
    Removing stm32f0xx_hal_pwr_ex.o(i.HAL_PWREx_Vddio2Monitor_IRQHandler), (24 bytes).
    Removing stm32f0xx_hal_pwr_ex.o(i.HAL_PWR_ConfigPVD), (104 bytes).
    Removing stm32f0xx_hal_pwr_ex.o(i.HAL_PWR_DisablePVD), (16 bytes).
    Removing stm32f0xx_hal_pwr_ex.o(i.HAL_PWR_EnablePVD), (16 bytes).
    Removing stm32f0xx_hal_pwr_ex.o(i.HAL_PWR_PVDCallback), (2 bytes).
    Removing stm32f0xx_hal_pwr_ex.o(i.HAL_PWR_PVD_IRQHandler), (28 bytes).
    Removing stm32f0xx_hal_flash.o(.rev16_text), (4 bytes).
    Removing stm32f0xx_hal_flash.o(.revsh_text), (4 bytes).
    Removing stm32f0xx_hal_flash.o(i.FLASH_Program_HalfWord), (32 bytes).
    Removing stm32f0xx_hal_flash.o(i.FLASH_SetErrorCode), (56 bytes).
    Removing stm32f0xx_hal_flash.o(i.FLASH_WaitForLastOperation), (80 bytes).
    Removing stm32f0xx_hal_flash.o(i.HAL_FLASH_EndOfOperationCallback), (2 bytes).
    Removing stm32f0xx_hal_flash.o(i.HAL_FLASH_GetError), (12 bytes).
    Removing stm32f0xx_hal_flash.o(i.HAL_FLASH_IRQHandler), (268 bytes).
    Removing stm32f0xx_hal_flash.o(i.HAL_FLASH_Lock), (20 bytes).
    Removing stm32f0xx_hal_flash.o(i.HAL_FLASH_OB_Launch), (32 bytes).
    Removing stm32f0xx_hal_flash.o(i.HAL_FLASH_OB_Lock), (20 bytes).
    Removing stm32f0xx_hal_flash.o(i.HAL_FLASH_OB_Unlock), (36 bytes).
    Removing stm32f0xx_hal_flash.o(i.HAL_FLASH_OperationErrorCallback), (2 bytes).
    Removing stm32f0xx_hal_flash.o(i.HAL_FLASH_Program), (124 bytes).
    Removing stm32f0xx_hal_flash.o(i.HAL_FLASH_Program_IT), (100 bytes).
    Removing stm32f0xx_hal_flash.o(i.HAL_FLASH_Unlock), (40 bytes).
    Removing stm32f0xx_hal_flash.o(.bss), (32 bytes).
    Removing stm32f0xx_hal_flash_ex.o(.rev16_text), (4 bytes).
    Removing stm32f0xx_hal_flash_ex.o(.revsh_text), (4 bytes).
    Removing stm32f0xx_hal_flash_ex.o(i.FLASH_MassErase), (36 bytes).
    Removing stm32f0xx_hal_flash_ex.o(i.FLASH_OB_DisableWRP), (164 bytes).
    Removing stm32f0xx_hal_flash_ex.o(i.FLASH_OB_EnableWRP), (164 bytes).
    Removing stm32f0xx_hal_flash_ex.o(i.FLASH_OB_GetRDP), (32 bytes).
    Removing stm32f0xx_hal_flash_ex.o(i.FLASH_OB_RDP_LevelConfig), (96 bytes).
    Removing stm32f0xx_hal_flash_ex.o(i.FLASH_PageErase), (36 bytes).
    Removing stm32f0xx_hal_flash_ex.o(i.HAL_FLASHEx_Erase), (160 bytes).
    Removing stm32f0xx_hal_flash_ex.o(i.HAL_FLASHEx_Erase_IT), (88 bytes).
    Removing stm32f0xx_hal_flash_ex.o(i.HAL_FLASHEx_OBErase), (80 bytes).
    Removing stm32f0xx_hal_flash_ex.o(i.HAL_FLASHEx_OBGetConfig), (36 bytes).
    Removing stm32f0xx_hal_flash_ex.o(i.HAL_FLASHEx_OBGetUserData), (28 bytes).
    Removing stm32f0xx_hal_flash_ex.o(i.HAL_FLASHEx_OBProgram), (204 bytes).
    Removing stm32f0xx_hal_exti.o(.rev16_text), (4 bytes).
    Removing stm32f0xx_hal_exti.o(.revsh_text), (4 bytes).
    Removing stm32f0xx_hal_exti.o(i.HAL_EXTI_ClearConfigLine), (100 bytes).
    Removing stm32f0xx_hal_exti.o(i.HAL_EXTI_ClearPending), (20 bytes).
    Removing stm32f0xx_hal_exti.o(i.HAL_EXTI_GenerateSWI), (20 bytes).
    Removing stm32f0xx_hal_exti.o(i.HAL_EXTI_GetConfigLine), (132 bytes).
    Removing stm32f0xx_hal_exti.o(i.HAL_EXTI_GetHandle), (14 bytes).
    Removing stm32f0xx_hal_exti.o(i.HAL_EXTI_GetPending), (24 bytes).
    Removing stm32f0xx_hal_exti.o(i.HAL_EXTI_IRQHandler), (36 bytes).
    Removing stm32f0xx_hal_exti.o(i.HAL_EXTI_RegisterCallback), (16 bytes).
    Removing stm32f0xx_hal_exti.o(i.HAL_EXTI_SetConfigLine), (148 bytes).
    Removing system_stm32f0xx.o(.rev16_text), (4 bytes).
    Removing system_stm32f0xx.o(.revsh_text), (4 bytes).
    Removing system_stm32f0xx.o(i.SystemCoreClockUpdate), (112 bytes).
    Removing system_stm32f0xx.o(.constdata), (8 bytes).
    Removing stm32f0xx_hal_dma.o(i.__ARM_common_switch8), (26 bytes).

293 unused section(s) (total 20788 bytes) removed from the image.

==============================================================================

Image Symbol Table

    Local Symbols

    Symbol Name                              Value     Ov Type        Size  Object(Section)

    ../Core/Src/main.c                       0x00000000   Number         0  main.o ABSOLUTE
    ../Core/Src/stm32f0xx_hal_msp.c          0x00000000   Number         0  stm32f0xx_hal_msp.o ABSOLUTE
    ../Core/Src/stm32f0xx_it.c               0x00000000   Number         0  stm32f0xx_it.o ABSOLUTE
    ../Core/Src/system_stm32f0xx.c           0x00000000   Number         0  system_stm32f0xx.o ABSOLUTE
    ../Drivers/STM32F0xx_HAL_Driver/Src/stm32f0xx_hal.c 0x00000000   Number         0  stm32f0xx_hal.o ABSOLUTE
    ../Drivers/STM32F0xx_HAL_Driver/Src/stm32f0xx_hal_cortex.c 0x00000000   Number         0  stm32f0xx_hal_cortex.o ABSOLUTE
    ../Drivers/STM32F0xx_HAL_Driver/Src/stm32f0xx_hal_dma.c 0x00000000   Number         0  stm32f0xx_hal_dma.o ABSOLUTE
    ../Drivers/STM32F0xx_HAL_Driver/Src/stm32f0xx_hal_exti.c 0x00000000   Number         0  stm32f0xx_hal_exti.o ABSOLUTE
    ../Drivers/STM32F0xx_HAL_Driver/Src/stm32f0xx_hal_flash.c 0x00000000   Number         0  stm32f0xx_hal_flash.o ABSOLUTE
    ../Drivers/STM32F0xx_HAL_Driver/Src/stm32f0xx_hal_flash_ex.c 0x00000000   Number         0  stm32f0xx_hal_flash_ex.o ABSOLUTE
    ../Drivers/STM32F0xx_HAL_Driver/Src/stm32f0xx_hal_gpio.c 0x00000000   Number         0  stm32f0xx_hal_gpio.o ABSOLUTE
    ../Drivers/STM32F0xx_HAL_Driver/Src/stm32f0xx_hal_i2c.c 0x00000000   Number         0  stm32f0xx_hal_i2c.o ABSOLUTE
    ../Drivers/STM32F0xx_HAL_Driver/Src/stm32f0xx_hal_i2c_ex.c 0x00000000   Number         0  stm32f0xx_hal_i2c_ex.o ABSOLUTE
    ../Drivers/STM32F0xx_HAL_Driver/Src/stm32f0xx_hal_pwr.c 0x00000000   Number         0  stm32f0xx_hal_pwr.o ABSOLUTE
    ../Drivers/STM32F0xx_HAL_Driver/Src/stm32f0xx_hal_pwr_ex.c 0x00000000   Number         0  stm32f0xx_hal_pwr_ex.o ABSOLUTE
    ../Drivers/STM32F0xx_HAL_Driver/Src/stm32f0xx_hal_rcc.c 0x00000000   Number         0  stm32f0xx_hal_rcc.o ABSOLUTE
    ../Drivers/STM32F0xx_HAL_Driver/Src/stm32f0xx_hal_rcc_ex.c 0x00000000   Number         0  stm32f0xx_hal_rcc_ex.o ABSOLUTE
    ../Drivers/STM32F0xx_HAL_Driver/Src/stm32f0xx_hal_tim.c 0x00000000   Number         0  stm32f0xx_hal_tim.o ABSOLUTE
    ../Drivers/STM32F0xx_HAL_Driver/Src/stm32f0xx_hal_tim_ex.c 0x00000000   Number         0  stm32f0xx_hal_tim_ex.o ABSOLUTE
    ../clib/angel/boardlib.s                 0x00000000   Number         0  boardinit3.o ABSOLUTE
    ../clib/angel/boardlib.s                 0x00000000   Number         0  boardinit2.o ABSOLUTE
    ../clib/angel/boardlib.s                 0x00000000   Number         0  boardinit1.o ABSOLUTE
    ../clib/angel/boardlib.s                 0x00000000   Number         0  boardshut.o ABSOLUTE
    ../clib/angel/handlers.s                 0x00000000   Number         0  __scatter_copy.o ABSOLUTE
    ../clib/angel/handlers.s                 0x00000000   Number         0  __scatter_zi.o ABSOLUTE
    ../clib/angel/kernel.s                   0x00000000   Number         0  __rtentry4.o ABSOLUTE
    ../clib/angel/kernel.s                   0x00000000   Number         0  rtexit2.o ABSOLUTE
    ../clib/angel/kernel.s                   0x00000000   Number         0  __rtentry2.o ABSOLUTE
    ../clib/angel/kernel.s                   0x00000000   Number         0  __rtentry.o ABSOLUTE
    ../clib/angel/kernel.s                   0x00000000   Number         0  rtexit.o ABSOLUTE
    ../clib/angel/rt.s                       0x00000000   Number         0  aeabi_ldiv0_sigfpe.o ABSOLUTE
    ../clib/angel/rt.s                       0x00000000   Number         0  rt_raise.o ABSOLUTE
    ../clib/angel/rt.s                       0x00000000   Number         0  aeabi_idiv0_sigfpe.o ABSOLUTE
    ../clib/angel/rt.s                       0x00000000   Number         0  rt_div0.o ABSOLUTE
    ../clib/angel/rt.s                       0x00000000   Number         0  aeabi_idiv0.o ABSOLUTE
    ../clib/angel/rt.s                       0x00000000   Number         0  rt_errno_addr.o ABSOLUTE
    ../clib/angel/rt.s                       0x00000000   Number         0  aeabi_ldiv0.o ABSOLUTE
    ../clib/angel/rt.s                       0x00000000   Number         0  rt_errno_addr_intlibspace.o ABSOLUTE
    ../clib/angel/scatterp.s                 0x00000000   Number         0  __scatter.o ABSOLUTE
    ../clib/angel/startup.s                  0x00000000   Number         0  __main.o ABSOLUTE
    ../clib/angel/sys.s                      0x00000000   Number         0  indicate_semi.o ABSOLUTE
    ../clib/angel/sys.s                      0x00000000   Number         0  tempstk.o ABSOLUTE
    ../clib/angel/sys.s                      0x00000000   Number         0  use_no_semi.o ABSOLUTE
    ../clib/angel/sys.s                      0x00000000   Number         0  sys_stackheap_outer.o ABSOLUTE
    ../clib/angel/sys.s                      0x00000000   Number         0  libspace.o ABSOLUTE
    ../clib/angel/sysapp.c                   0x00000000   Number         0  sys_command.o ABSOLUTE
    ../clib/angel/sysapp.c                   0x00000000   Number         0  sys_exit.o ABSOLUTE
    ../clib/angel/sysapp.c                   0x00000000   Number         0  sys_wrch.o ABSOLUTE
    ../clib/armsys.c                         0x00000000   Number         0  _get_argv_nomalloc.o ABSOLUTE
    ../clib/armsys.c                         0x00000000   Number         0  argv_veneer.o ABSOLUTE
    ../clib/armsys.c                         0x00000000   Number         0  no_argv.o ABSOLUTE
    ../clib/division.c                       0x00000000   Number         0  lludiv.o ABSOLUTE
    ../clib/division.s                       0x00000000   Number         0  aeabi_sdiv.o ABSOLUTE
    ../clib/division.s                       0x00000000   Number         0  aeabi_sdiv_div0.o ABSOLUTE
    ../clib/fenv.c                           0x00000000   Number         0  _rserrno.o ABSOLUTE
    ../clib/heapalloc.c                      0x00000000   Number         0  hrguard.o ABSOLUTE
    ../clib/heapaux.c                        0x00000000   Number         0  heapauxi.o ABSOLUTE
    ../clib/libinit.s                        0x00000000   Number         0  libshutdown.o ABSOLUTE
    ../clib/libinit.s                        0x00000000   Number         0  libinit.o ABSOLUTE
    ../clib/libinit.s                        0x00000000   Number         0  libinit2.o ABSOLUTE
    ../clib/libinit.s                        0x00000000   Number         0  libshutdown2.o ABSOLUTE
    ../clib/longlong.c                       0x00000000   Number         0  llushr.o ABSOLUTE
    ../clib/memcpset.c                       0x00000000   Number         0  rt_memclr.o ABSOLUTE
    ../clib/signal.c                         0x00000000   Number         0  defsig_fpe_inner.o ABSOLUTE
    ../clib/signal.c                         0x00000000   Number         0  defsig_exit.o ABSOLUTE
    ../clib/signal.c                         0x00000000   Number         0  __raise.o ABSOLUTE
    ../clib/signal.c                         0x00000000   Number         0  defsig_abrt_inner.o ABSOLUTE
    ../clib/signal.c                         0x00000000   Number         0  defsig_rtred_inner.o ABSOLUTE
    ../clib/signal.c                         0x00000000   Number         0  defsig_general.o ABSOLUTE
    ../clib/signal.c                         0x00000000   Number         0  defsig_rtmem_outer.o ABSOLUTE
    ../clib/signal.c                         0x00000000   Number         0  defsig_rtmem_formal.o ABSOLUTE
    ../clib/signal.c                         0x00000000   Number         0  defsig_stak_inner.o ABSOLUTE
    ../clib/signal.c                         0x00000000   Number         0  defsig_pvfn_inner.o ABSOLUTE
    ../clib/signal.c                         0x00000000   Number         0  defsig_cppl_inner.o ABSOLUTE
    ../clib/signal.c                         0x00000000   Number         0  defsig_segv_inner.o ABSOLUTE
    ../clib/signal.c                         0x00000000   Number         0  defsig_other.o ABSOLUTE
    ../clib/signal.c                         0x00000000   Number         0  defsig_fpe_outer.o ABSOLUTE
    ../clib/signal.c                         0x00000000   Number         0  defsig_fpe_formal.o ABSOLUTE
    ../clib/signal.c                         0x00000000   Number         0  defsig_rtmem_inner.o ABSOLUTE
    ../clib/signal.s                         0x00000000   Number         0  defsig.o ABSOLUTE
    ../clib/stdlib.c                         0x00000000   Number         0  exit.o ABSOLUTE
    ../fplib/cfplib/cmpret.c                 0x00000000   Number         0  cmpret.o ABSOLUTE
    ../fplib/cfplib/daddsub.c                0x00000000   Number         0  daddsub.o ABSOLUTE
    ../fplib/cfplib/dcmpin.c                 0x00000000   Number         0  dcmpin.o ABSOLUTE
    ../fplib/cfplib/ddiv.c                   0x00000000   Number         0  ddiv.o ABSOLUTE
    ../fplib/cfplib/dmul.c                   0x00000000   Number         0  dmul.o ABSOLUTE
    ../fplib/cfplib/dsqrt.c                  0x00000000   Number         0  dsqrt.o ABSOLUTE
    ../fplib/cfplib/ffix.c                   0x00000000   Number         0  dfixi.o ABSOLUTE
    ../fplib/cfplib/fflt.c                   0x00000000   Number         0  dflti.o ABSOLUTE
    ../fplib/cfplib/fpinit.c                 0x00000000   Number         0  fpinit.o ABSOLUTE
    ../fplib/cfplib/nan2.c                   0x00000000   Number         0  dnan2.o ABSOLUTE
    ../fplib/cfplib/retnan.c                 0x00000000   Number         0  retnan.o ABSOLUTE
    ../fplib/cfplib/scalbn.c                 0x00000000   Number         0  dscalbn.o ABSOLUTE
    ../fplib/deqf6m.s                        0x00000000   Number         0  deqf.o ABSOLUTE
    ../fplib/dleqf6m.s                       0x00000000   Number         0  dlef.o ABSOLUTE
    ../fplib/drleqf6m.s                      0x00000000   Number         0  drlef.o ABSOLUTE
    ../fplib/usenofp.s                       0x00000000   Number         0  usenofp.o ABSOLUTE
    ../mathlib/dunder.c                      0x00000000   Number         0  dunder.o ABSOLUTE
    ../mathlib/floor.c                       0x00000000   Number         0  floor.o ABSOLUTE
    ../mathlib/fpclassify.c                  0x00000000   Number         0  fpclassify.o ABSOLUTE
    ../mathlib/log.c                         0x00000000   Number         0  log_x.o ABSOLUTE
    ../mathlib/log.c                         0x00000000   Number         0  log.o ABSOLUTE
    ../mathlib/poly.c                        0x00000000   Number         0  poly.o ABSOLUTE
    ../mathlib/pow.c                         0x00000000   Number         0  pow.o ABSOLUTE
    ../mathlib/pow.c                         0x00000000   Number         0  pow_x.o ABSOLUTE
    ../mathlib/qnan.c                        0x00000000   Number         0  qnan.o ABSOLUTE
    ../mathlib/sqrt.c                        0x00000000   Number         0  sqrt_x.o ABSOLUTE
    ../mathlib/sqrt.c                        0x00000000   Number         0  sqrt.o ABSOLUTE
    ..\Core\Src\BT_usart.c                   0x00000000   Number         0  bt_usart.o ABSOLUTE
    ..\Core\Src\color_sensor_set.c           0x00000000   Number         0  color_sensor_set.o ABSOLUTE
    ..\Core\Src\distance_front.c             0x00000000   Number         0  distance_front.o ABSOLUTE
    ..\Core\Src\i3g_IR.c                     0x00000000   Number         0  i3g_ir.o ABSOLUTE
    ..\Core\Src\main.c                       0x00000000   Number         0  main.o ABSOLUTE
    ..\Core\Src\motor.c                      0x00000000   Number         0  motor.o ABSOLUTE
    ..\Core\Src\stm32f0xx_hal_msp.c          0x00000000   Number         0  stm32f0xx_hal_msp.o ABSOLUTE
    ..\Core\Src\stm32f0xx_it.c               0x00000000   Number         0  stm32f0xx_it.o ABSOLUTE
    ..\Core\Src\system_stm32f0xx.c           0x00000000   Number         0  system_stm32f0xx.o ABSOLUTE
    ..\Drivers\STM32F0xx_HAL_Driver\Src\stm32f0xx_hal.c 0x00000000   Number         0  stm32f0xx_hal.o ABSOLUTE
    ..\Drivers\STM32F0xx_HAL_Driver\Src\stm32f0xx_hal_cortex.c 0x00000000   Number         0  stm32f0xx_hal_cortex.o ABSOLUTE
    ..\Drivers\STM32F0xx_HAL_Driver\Src\stm32f0xx_hal_dma.c 0x00000000   Number         0  stm32f0xx_hal_dma.o ABSOLUTE
    ..\Drivers\STM32F0xx_HAL_Driver\Src\stm32f0xx_hal_exti.c 0x00000000   Number         0  stm32f0xx_hal_exti.o ABSOLUTE
    ..\Drivers\STM32F0xx_HAL_Driver\Src\stm32f0xx_hal_flash.c 0x00000000   Number         0  stm32f0xx_hal_flash.o ABSOLUTE
    ..\Drivers\STM32F0xx_HAL_Driver\Src\stm32f0xx_hal_flash_ex.c 0x00000000   Number         0  stm32f0xx_hal_flash_ex.o ABSOLUTE
    ..\Drivers\STM32F0xx_HAL_Driver\Src\stm32f0xx_hal_gpio.c 0x00000000   Number         0  stm32f0xx_hal_gpio.o ABSOLUTE
    ..\Drivers\STM32F0xx_HAL_Driver\Src\stm32f0xx_hal_i2c.c 0x00000000   Number         0  stm32f0xx_hal_i2c.o ABSOLUTE
    ..\Drivers\STM32F0xx_HAL_Driver\Src\stm32f0xx_hal_i2c_ex.c 0x00000000   Number         0  stm32f0xx_hal_i2c_ex.o ABSOLUTE
    ..\Drivers\STM32F0xx_HAL_Driver\Src\stm32f0xx_hal_pwr.c 0x00000000   Number         0  stm32f0xx_hal_pwr.o ABSOLUTE
    ..\Drivers\STM32F0xx_HAL_Driver\Src\stm32f0xx_hal_pwr_ex.c 0x00000000   Number         0  stm32f0xx_hal_pwr_ex.o ABSOLUTE
    ..\Drivers\STM32F0xx_HAL_Driver\Src\stm32f0xx_hal_rcc.c 0x00000000   Number         0  stm32f0xx_hal_rcc.o ABSOLUTE
    ..\Drivers\STM32F0xx_HAL_Driver\Src\stm32f0xx_hal_rcc_ex.c 0x00000000   Number         0  stm32f0xx_hal_rcc_ex.o ABSOLUTE
    ..\Drivers\STM32F0xx_HAL_Driver\Src\stm32f0xx_hal_tim.c 0x00000000   Number         0  stm32f0xx_hal_tim.o ABSOLUTE
    ..\Drivers\STM32F0xx_HAL_Driver\Src\stm32f0xx_hal_tim_ex.c 0x00000000   Number         0  stm32f0xx_hal_tim_ex.o ABSOLUTE
    ..\\Core\\Src\\BT_usart.c                0x00000000   Number         0  bt_usart.o ABSOLUTE
    ..\\Core\\Src\\color_sensor_set.c        0x00000000   Number         0  color_sensor_set.o ABSOLUTE
    ..\\Core\\Src\\distance_front.c          0x00000000   Number         0  distance_front.o ABSOLUTE
    ..\\Core\\Src\\i3g_IR.c                  0x00000000   Number         0  i3g_ir.o ABSOLUTE
    ..\\Core\\Src\\motor.c                   0x00000000   Number         0  motor.o ABSOLUTE
    dc.s                                     0x00000000   Number         0  dc.o ABSOLUTE
    startup_stm32f072xb.s                    0x00000000   Number         0  startup_stm32f072xb.o ABSOLUTE
    RESET                                    0x08000000   Section      192  startup_stm32f072xb.o(RESET)
    !!!main                                  0x080000c0   Section        8  __main.o(!!!main)
    !!!scatter                               0x080000c8   Section       60  __scatter.o(!!!scatter)
    !!handler_copy                           0x08000104   Section       26  __scatter_copy.o(!!handler_copy)
    !!handler_zi                             0x08000120   Section       28  __scatter_zi.o(!!handler_zi)
    .ARM.Collect$$libinit$$00000000          0x0800013c   Section        2  libinit.o(.ARM.Collect$$libinit$$00000000)
    .ARM.Collect$$libinit$$00000002          0x0800013e   Section        0  libinit2.o(.ARM.Collect$$libinit$$00000002)
    .ARM.Collect$$libinit$$00000004          0x0800013e   Section        0  libinit2.o(.ARM.Collect$$libinit$$00000004)
    .ARM.Collect$$libinit$$0000000A          0x0800013e   Section        0  libinit2.o(.ARM.Collect$$libinit$$0000000A)
    .ARM.Collect$$libinit$$0000000C          0x0800013e   Section        0  libinit2.o(.ARM.Collect$$libinit$$0000000C)
    .ARM.Collect$$libinit$$0000000E          0x0800013e   Section        0  libinit2.o(.ARM.Collect$$libinit$$0000000E)
    .ARM.Collect$$libinit$$00000011          0x0800013e   Section        0  libinit2.o(.ARM.Collect$$libinit$$00000011)
    .ARM.Collect$$libinit$$00000013          0x0800013e   Section        0  libinit2.o(.ARM.Collect$$libinit$$00000013)
    .ARM.Collect$$libinit$$00000015          0x0800013e   Section        0  libinit2.o(.ARM.Collect$$libinit$$00000015)
    .ARM.Collect$$libinit$$00000017          0x0800013e   Section        0  libinit2.o(.ARM.Collect$$libinit$$00000017)
    .ARM.Collect$$libinit$$00000019          0x0800013e   Section        0  libinit2.o(.ARM.Collect$$libinit$$00000019)
    .ARM.Collect$$libinit$$0000001B          0x0800013e   Section        0  libinit2.o(.ARM.Collect$$libinit$$0000001B)
    .ARM.Collect$$libinit$$0000001D          0x0800013e   Section        0  libinit2.o(.ARM.Collect$$libinit$$0000001D)
    .ARM.Collect$$libinit$$0000001F          0x0800013e   Section        0  libinit2.o(.ARM.Collect$$libinit$$0000001F)
    .ARM.Collect$$libinit$$00000021          0x0800013e   Section        0  libinit2.o(.ARM.Collect$$libinit$$00000021)
    .ARM.Collect$$libinit$$00000023          0x0800013e   Section        0  libinit2.o(.ARM.Collect$$libinit$$00000023)
    .ARM.Collect$$libinit$$00000025          0x0800013e   Section        0  libinit2.o(.ARM.Collect$$libinit$$00000025)
    .ARM.Collect$$libinit$$0000002C          0x0800013e   Section        0  libinit2.o(.ARM.Collect$$libinit$$0000002C)
    .ARM.Collect$$libinit$$0000002E          0x0800013e   Section        0  libinit2.o(.ARM.Collect$$libinit$$0000002E)
    .ARM.Collect$$libinit$$00000030          0x0800013e   Section        0  libinit2.o(.ARM.Collect$$libinit$$00000030)
    .ARM.Collect$$libinit$$00000032          0x0800013e   Section        0  libinit2.o(.ARM.Collect$$libinit$$00000032)
    .ARM.Collect$$libinit$$00000033          0x0800013e   Section        2  libinit2.o(.ARM.Collect$$libinit$$00000033)
    .ARM.Collect$$libshutdown$$00000000      0x08000140   Section        2  libshutdown.o(.ARM.Collect$$libshutdown$$00000000)
    .ARM.Collect$$libshutdown$$00000002      0x08000142   Section        0  libshutdown2.o(.ARM.Collect$$libshutdown$$00000002)
    .ARM.Collect$$libshutdown$$00000004      0x08000142   Section        0  libshutdown2.o(.ARM.Collect$$libshutdown$$00000004)
    .ARM.Collect$$libshutdown$$00000006      0x08000142   Section        0  libshutdown2.o(.ARM.Collect$$libshutdown$$00000006)
    .ARM.Collect$$libshutdown$$00000009      0x08000142   Section        0  libshutdown2.o(.ARM.Collect$$libshutdown$$00000009)
    .ARM.Collect$$libshutdown$$0000000C      0x08000142   Section        0  libshutdown2.o(.ARM.Collect$$libshutdown$$0000000C)
    .ARM.Collect$$libshutdown$$0000000E      0x08000142   Section        0  libshutdown2.o(.ARM.Collect$$libshutdown$$0000000E)
    .ARM.Collect$$libshutdown$$00000011      0x08000142   Section        0  libshutdown2.o(.ARM.Collect$$libshutdown$$00000011)
    .ARM.Collect$$libshutdown$$00000012      0x08000142   Section        2  libshutdown2.o(.ARM.Collect$$libshutdown$$00000012)
    .ARM.Collect$$rtentry$$00000000          0x08000144   Section        0  __rtentry.o(.ARM.Collect$$rtentry$$00000000)
    .ARM.Collect$$rtentry$$00000002          0x08000144   Section        0  __rtentry2.o(.ARM.Collect$$rtentry$$00000002)
    .ARM.Collect$$rtentry$$00000004          0x08000144   Section        6  __rtentry4.o(.ARM.Collect$$rtentry$$00000004)
    .ARM.Collect$$rtentry$$00000009          0x0800014a   Section        0  __rtentry2.o(.ARM.Collect$$rtentry$$00000009)
    .ARM.Collect$$rtentry$$0000000A          0x0800014a   Section        4  __rtentry2.o(.ARM.Collect$$rtentry$$0000000A)
    .ARM.Collect$$rtentry$$0000000C          0x0800014e   Section        0  __rtentry2.o(.ARM.Collect$$rtentry$$0000000C)
    .ARM.Collect$$rtentry$$0000000D          0x0800014e   Section        8  __rtentry2.o(.ARM.Collect$$rtentry$$0000000D)
    .ARM.Collect$$rtexit$$00000000           0x08000156   Section        2  rtexit.o(.ARM.Collect$$rtexit$$00000000)
    .ARM.Collect$$rtexit$$00000002           0x08000158   Section        0  rtexit2.o(.ARM.Collect$$rtexit$$00000002)
    .ARM.Collect$$rtexit$$00000003           0x08000158   Section        4  rtexit2.o(.ARM.Collect$$rtexit$$00000003)
    .ARM.Collect$$rtexit$$00000004           0x0800015c   Section        6  rtexit2.o(.ARM.Collect$$rtexit$$00000004)
    .text                                    0x08000164   Section       56  startup_stm32f072xb.o(.text)
    .text                                    0x0800019c   Section        0  lludiv.o(.text)
    .text                                    0x0800029e   Section        0  rt_memclr.o(.text)
    .text                                    0x080002de   Section      346  aeabi_sdiv.o(.text)
    .text                                    0x08000438   Section        0  heapauxi.o(.text)
    .text                                    0x08000440   Section        0  ddiv.o(.text)
    .text                                    0x08000888   Section        0  dfixi.o(.text)
    .text                                    0x080008f4   Section        0  dflti.o(.text)
    .text                                    0x0800094c   Section        0  _rserrno.o(.text)
    .text                                    0x08000964   Section        0  daddsub.o(.text)
    _dadd1                                   0x08000965   Thumb Code   290  daddsub.o(.text)
    _dsub1                                   0x08000a87   Thumb Code   470  daddsub.o(.text)
    .text                                    0x08000cbc   Section        0  dmul.o(.text)
    .text                                    0x08000f04   Section        0  dscalbn.o(.text)
    .text                                    0x08000f64   Section        8  rt_errno_addr_intlibspace.o(.text)
    .text                                    0x08000f6c   Section        0  dcmpin.o(.text)
    .text                                    0x08000ffc   Section        0  dsqrt.o(.text)
    .text                                    0x080010fc   Section        8  libspace.o(.text)
    .text                                    0x08001104   Section       62  sys_stackheap_outer.o(.text)
    .text                                    0x08001142   Section        0  exit.o(.text)
    .text                                    0x08001152   Section        0  cmpret.o(.text)
    .text                                    0x08001180   Section        0  dnan2.o(.text)
    .text                                    0x08001194   Section        0  retnan.o(.text)
    .text                                    0x080011f4   Section        0  sys_exit.o(.text)
    .text                                    0x08001200   Section        2  use_no_semi.o(.text)
    .text                                    0x08001202   Section        0  indicate_semi.o(.text)
    i.BT_usart_init                          0x08001204   Section        0  bt_usart.o(i.BT_usart_init)
    i.BT_usart_receive_char                  0x08001280   Section        0  bt_usart.o(i.BT_usart_receive_char)
    i.BT_usart_transmit_message              0x08001298   Section        0  bt_usart.o(i.BT_usart_transmit_message)
    i.HAL_Delay                              0x080012c8   Section        0  stm32f0xx_hal.o(i.HAL_Delay)
    i.HAL_GetTick                            0x080012ec   Section        0  stm32f0xx_hal.o(i.HAL_GetTick)
    i.HAL_IncTick                            0x080012f8   Section        0  stm32f0xx_hal.o(i.HAL_IncTick)
    i.HAL_Init                               0x08001308   Section        0  stm32f0xx_hal.o(i.HAL_Init)
    i.HAL_InitTick                           0x08001328   Section        0  stm32f0xx_hal.o(i.HAL_InitTick)
    i.HAL_MspInit                            0x0800136c   Section        0  stm32f0xx_hal_msp.o(i.HAL_MspInit)
    i.HAL_NVIC_SetPriority                   0x08001394   Section        0  stm32f0xx_hal_cortex.o(i.HAL_NVIC_SetPriority)
    i.HAL_RCC_ClockConfig                    0x0800139c   Section        0  stm32f0xx_hal_rcc.o(i.HAL_RCC_ClockConfig)
    i.HAL_RCC_GetHCLKFreq                    0x080014ac   Section        0  stm32f0xx_hal_rcc.o(i.HAL_RCC_GetHCLKFreq)
    i.HAL_RCC_GetSysClockFreq                0x080014b8   Section        0  stm32f0xx_hal_rcc.o(i.HAL_RCC_GetSysClockFreq)
    i.HAL_RCC_OscConfig                      0x08001520   Section        0  stm32f0xx_hal_rcc.o(i.HAL_RCC_OscConfig)
    i.HAL_SYSTICK_Config                     0x08001924   Section        0  stm32f0xx_hal_cortex.o(i.HAL_SYSTICK_Config)
    i.HardFault_Handler                      0x08001954   Section        0  stm32f0xx_it.o(i.HardFault_Handler)
    i.LED_Init                               0x08001958   Section        0  main.o(i.LED_Init)
    i.NMI_Handler                            0x08001990   Section        0  stm32f0xx_it.o(i.NMI_Handler)
    i.PendSV_Handler                         0x08001992   Section        0  stm32f0xx_it.o(i.PendSV_Handler)
    i.Rx_1_Byte                              0x08001994   Section        0  color_sensor_set.o(i.Rx_1_Byte)
    i.SVC_Handler                            0x080019e0   Section        0  stm32f0xx_it.o(i.SVC_Handler)
    i.Sonar_GetDistance                      0x080019e4   Section        0  distance_front.o(i.Sonar_GetDistance)
    i.SysTick_Handler                        0x08001a08   Section        0  stm32f0xx_it.o(i.SysTick_Handler)
    i.SystemClock_Config                     0x08001a10   Section        0  main.o(i.SystemClock_Config)
    i.SystemInit                             0x08001a64   Section        0  system_stm32f0xx.o(i.SystemInit)
    i.TIM6_DAC_IRQHandler                    0x08001a68   Section        0  motor.o(i.TIM6_DAC_IRQHandler)
    i.TIM7_IRQHandler                        0x08001a9c   Section        0  motor.o(i.TIM7_IRQHandler)
    i.Tx_1_Byte                              0x08001ad0   Section        0  color_sensor_set.o(i.Tx_1_Byte)
    i.Tx_2_Bytes                             0x08001b14   Section        0  color_sensor_set.o(i.Tx_2_Bytes)
    i.USART3_Init                            0x08001b74   Section        0  distance_front.o(i.USART3_Init)
    i.__ARM_common_ll_muluu                  0x08001bd0   Section        0  stm32f0xx_hal_rcc.o(i.__ARM_common_ll_muluu)
    i.__ARM_fpclassify                       0x08001c00   Section        0  fpclassify.o(i.__ARM_fpclassify)
    i.__NVIC_SetPriority                     0x08001c2c   Section        0  stm32f0xx_hal_cortex.o(i.__NVIC_SetPriority)
    __NVIC_SetPriority                       0x08001c2d   Thumb Code    60  stm32f0xx_hal_cortex.o(i.__NVIC_SetPriority)
    i.__kernel_poly                          0x08001c70   Section        0  poly.o(i.__kernel_poly)
    i.__mathlib_dbl_divzero                  0x08001d1c   Section        0  dunder.o(i.__mathlib_dbl_divzero)
    i.__mathlib_dbl_infnan                   0x08001d30   Section        0  dunder.o(i.__mathlib_dbl_infnan)
    i.__mathlib_dbl_infnan2                  0x08001d3a   Section        0  dunder.o(i.__mathlib_dbl_infnan2)
    i.__mathlib_dbl_invalid                  0x08001d42   Section        0  dunder.o(i.__mathlib_dbl_invalid)
    i.__mathlib_dbl_overflow                 0x08001d54   Section        0  dunder.o(i.__mathlib_dbl_overflow)
    i.__mathlib_dbl_underflow                0x08001d68   Section        0  dunder.o(i.__mathlib_dbl_underflow)
    i.color_sensor_init                      0x08001d7c   Section        0  color_sensor_set.o(i.color_sensor_init)
    i.floor                                  0x08001e00   Section        0  floor.o(i.floor)
    i.getColor                               0x08001ec8   Section        0  color_sensor_set.o(i.getColor)
    i.ir_2_getDist                           0x08001f10   Section        0  i3g_ir.o(i.ir_2_getDist)
    i.itoa                                   0x08001f5c   Section        0  bt_usart.o(i.itoa)
    i.left_PI_update                         0x08002000   Section        0  motor.o(i.left_PI_update)
    i.left_pwm_setDutyCycle                  0x08002064   Section        0  motor.o(i.left_pwm_setDutyCycle)
    i.log                                    0x08002080   Section        0  log.o(i.log)
    i.main                                   0x080023d4   Section        0  main.o(i.main)
    i.pow                                    0x080024c8   Section        0  pow.o(i.pow)
    i.receive_char                           0x08002ec4   Section        0  distance_front.o(i.receive_char)
    i.right_PI_update                        0x08002edc   Section        0  motor.o(i.right_PI_update)
    i.right_pwm_setDutyCycle                 0x08002f40   Section        0  motor.o(i.right_pwm_setDutyCycle)
    i.sqrt                                   0x08002f5c   Section        0  sqrt.o(i.sqrt)
    i.transmit                               0x08002fa4   Section        0  distance_front.o(i.transmit)
    x$fpl$deqf                               0x08002fb8   Section      100  deqf.o(x$fpl$deqf)
    x$fpl$drleqf                             0x0800301c   Section      104  drlef.o(x$fpl$drleqf)
    .constdata                               0x08003084   Section       32  stm32f0xx_hal_rcc.o(.constdata)
    x$fpl$usenofp                            0x08003084   Section        0  usenofp.o(x$fpl$usenofp)
    aPLLMULFactorTable                       0x08003084   Data          16  stm32f0xx_hal_rcc.o(.constdata)
    aPredivFactorTable                       0x08003094   Data          16  stm32f0xx_hal_rcc.o(.constdata)
    .constdata                               0x080030a4   Section       16  system_stm32f0xx.o(.constdata)
    .constdata                               0x080030b4   Section      128  ddiv.o(.constdata)
    ddiv_reciptbl                            0x080030b4   Data         128  ddiv.o(.constdata)
    .constdata                               0x08003138   Section       56  log.o(.constdata)
    Lg2                                      0x08003138   Data          24  log.o(.constdata)
    Lg                                       0x08003150   Data          32  log.o(.constdata)
    .constdata                               0x08003170   Section      136  pow.o(.constdata)
    bp                                       0x08003170   Data          16  pow.o(.constdata)
    dp_h                                     0x08003180   Data          16  pow.o(.constdata)
    dp_l                                     0x08003190   Data          16  pow.o(.constdata)
    L                                        0x080031a0   Data          48  pow.o(.constdata)
    P                                        0x080031d0   Data          40  pow.o(.constdata)
    .constdata                               0x080031f8   Section        8  qnan.o(.constdata)
    .data                                    0x20000000   Section        7  color_sensor_set.o(.data)
    slave_address                            0x20000000   Data           1  color_sensor_set.o(.data)
    enable_address                           0x20000001   Data           1  color_sensor_set.o(.data)
    enable_value                             0x20000002   Data           1  color_sensor_set.o(.data)
    blue_data_low_address                    0x20000003   Data           1  color_sensor_set.o(.data)
    blue_data_high_address                   0x20000004   Data           1  color_sensor_set.o(.data)
    data                                     0x20000005   Data           2  color_sensor_set.o(.data)
    .data                                    0x20000007   Section        2  distance_front.o(.data)
    .data                                    0x2000000a   Section       14  i3g_ir.o(.data)
    val                                      0x2000000a   Data           2  i3g_ir.o(.data)
    val                                      0x20000010   Data           4  i3g_ir.o(.data)
    val                                      0x20000014   Data           4  i3g_ir.o(.data)
    .data                                    0x20000018   Section       22  motor.o(.data)
    .data                                    0x20000030   Section       12  stm32f0xx_hal.o(.data)
    .data                                    0x2000003c   Section        4  system_stm32f0xx.o(.data)
    .bss                                     0x20000040   Section       96  libspace.o(.bss)
    HEAP                                     0x200000a0   Section      512  startup_stm32f072xb.o(HEAP)
    Heap_Mem                                 0x200000a0   Data         512  startup_stm32f072xb.o(HEAP)
    STACK                                    0x200002a0   Section     1024  startup_stm32f072xb.o(STACK)
    Stack_Mem                                0x200002a0   Data        1024  startup_stm32f072xb.o(STACK)
    __initial_sp                             0x200006a0   Data           0  startup_stm32f072xb.o(STACK)

    Global Symbols

    Symbol Name                              Value     Ov Type        Size  Object(Section)

    BuildAttributes$$THM_ISAv3M$S$PE$A:L22$X:L11$S22$IEEE1$IW$USESV6$~STKCKD$USESV7$~SHL$OTIME$ROPI$IEEEX$EBA8$UX$STANDARDLIB$REQ8$PRES8$EABIv2 0x00000000   Number         0  anon$$obj.o ABSOLUTE
    __ARM_use_no_argv                        0x00000000   Number         0  main.o ABSOLUTE
    __ARM_exceptions_init                     - Undefined Weak Reference
    __alloca_initialize                       - Undefined Weak Reference
    __arm_fini_                               - Undefined Weak Reference
    __arm_preinit_                            - Undefined Weak Reference
    __cpp_initialize__aeabi_                  - Undefined Weak Reference
    __cxa_finalize                            - Undefined Weak Reference
    __rt_locale                               - Undefined Weak Reference
    __sigvec_lookup                           - Undefined Weak Reference
    _atexit_init                              - Undefined Weak Reference
    _call_atexit_fns                          - Undefined Weak Reference
    _clock_init                               - Undefined Weak Reference
    _fp_trap_init                             - Undefined Weak Reference
    _fp_trap_shutdown                         - Undefined Weak Reference
    _get_lc_collate                           - Undefined Weak Reference
    _get_lc_ctype                             - Undefined Weak Reference
    _get_lc_monetary                          - Undefined Weak Reference
    _get_lc_numeric                           - Undefined Weak Reference
    _get_lc_time                              - Undefined Weak Reference
    _getenv_init                              - Undefined Weak Reference
    _handle_redirection                       - Undefined Weak Reference
    _init_alloc                               - Undefined Weak Reference
    _init_user_alloc                          - Undefined Weak Reference
    _initio                                   - Undefined Weak Reference
    _rand_init                                - Undefined Weak Reference
    _signal_finish                            - Undefined Weak Reference
    _signal_init                              - Undefined Weak Reference
    _terminate_alloc                          - Undefined Weak Reference
    _terminate_user_alloc                     - Undefined Weak Reference
    _terminateio                              - Undefined Weak Reference
    __Vectors_Size                           0x000000c0   Number         0  startup_stm32f072xb.o ABSOLUTE
    __Vectors                                0x08000000   Data           4  startup_stm32f072xb.o(RESET)
    __Vectors_End                            0x080000c0   Data           0  startup_stm32f072xb.o(RESET)
    __main                                   0x080000c1   Thumb Code     8  __main.o(!!!main)
    __scatterload                            0x080000c9   Thumb Code     0  __scatter.o(!!!scatter)
    __scatterload_rt2                        0x080000c9   Thumb Code    52  __scatter.o(!!!scatter)
    __scatterload_rt2_thumb_only             0x080000c9   Thumb Code     0  __scatter.o(!!!scatter)
    __scatterload_null                       0x080000d9   Thumb Code     0  __scatter.o(!!!scatter)
    __scatterload_copy                       0x08000105   Thumb Code    26  __scatter_copy.o(!!handler_copy)
    __scatterload_zeroinit                   0x08000121   Thumb Code    28  __scatter_zi.o(!!handler_zi)
    __rt_lib_init                            0x0800013d   Thumb Code     0  libinit.o(.ARM.Collect$$libinit$$00000000)
    __rt_lib_init_alloca_1                   0x0800013f   Thumb Code     0  libinit2.o(.ARM.Collect$$libinit$$0000002E)
    __rt_lib_init_argv_1                     0x0800013f   Thumb Code     0  libinit2.o(.ARM.Collect$$libinit$$0000002C)
    __rt_lib_init_atexit_1                   0x0800013f   Thumb Code     0  libinit2.o(.ARM.Collect$$libinit$$0000001B)
    __rt_lib_init_clock_1                    0x0800013f   Thumb Code     0  libinit2.o(.ARM.Collect$$libinit$$00000021)
    __rt_lib_init_cpp_1                      0x0800013f   Thumb Code     0  libinit2.o(.ARM.Collect$$libinit$$00000032)
    __rt_lib_init_exceptions_1               0x0800013f   Thumb Code     0  libinit2.o(.ARM.Collect$$libinit$$00000030)
    __rt_lib_init_fp_1                       0x0800013f   Thumb Code     0  libinit2.o(.ARM.Collect$$libinit$$00000002)
    __rt_lib_init_fp_trap_1                  0x0800013f   Thumb Code     0  libinit2.o(.ARM.Collect$$libinit$$0000001F)
    __rt_lib_init_getenv_1                   0x0800013f   Thumb Code     0  libinit2.o(.ARM.Collect$$libinit$$00000023)
    __rt_lib_init_heap_1                     0x0800013f   Thumb Code     0  libinit2.o(.ARM.Collect$$libinit$$0000000A)
    __rt_lib_init_lc_collate_1               0x0800013f   Thumb Code     0  libinit2.o(.ARM.Collect$$libinit$$00000011)
    __rt_lib_init_lc_ctype_1                 0x0800013f   Thumb Code     0  libinit2.o(.ARM.Collect$$libinit$$00000013)
    __rt_lib_init_lc_monetary_1              0x0800013f   Thumb Code     0  libinit2.o(.ARM.Collect$$libinit$$00000015)
    __rt_lib_init_lc_numeric_1               0x0800013f   Thumb Code     0  libinit2.o(.ARM.Collect$$libinit$$00000017)
    __rt_lib_init_lc_time_1                  0x0800013f   Thumb Code     0  libinit2.o(.ARM.Collect$$libinit$$00000019)
    __rt_lib_init_preinit_1                  0x0800013f   Thumb Code     0  libinit2.o(.ARM.Collect$$libinit$$00000004)
    __rt_lib_init_rand_1                     0x0800013f   Thumb Code     0  libinit2.o(.ARM.Collect$$libinit$$0000000E)
    __rt_lib_init_return                     0x0800013f   Thumb Code     0  libinit2.o(.ARM.Collect$$libinit$$00000033)
    __rt_lib_init_signal_1                   0x0800013f   Thumb Code     0  libinit2.o(.ARM.Collect$$libinit$$0000001D)
    __rt_lib_init_stdio_1                    0x0800013f   Thumb Code     0  libinit2.o(.ARM.Collect$$libinit$$00000025)
    __rt_lib_init_user_alloc_1               0x0800013f   Thumb Code     0  libinit2.o(.ARM.Collect$$libinit$$0000000C)
    __rt_lib_shutdown                        0x08000141   Thumb Code     0  libshutdown.o(.ARM.Collect$$libshutdown$$00000000)
    __rt_lib_shutdown_cpp_1                  0x08000143   Thumb Code     0  libshutdown2.o(.ARM.Collect$$libshutdown$$00000004)
    __rt_lib_shutdown_fini_1                 0x08000143   Thumb Code     0  libshutdown2.o(.ARM.Collect$$libshutdown$$00000002)
    __rt_lib_shutdown_fp_trap_1              0x08000143   Thumb Code     0  libshutdown2.o(.ARM.Collect$$libshutdown$$00000009)
    __rt_lib_shutdown_heap_1                 0x08000143   Thumb Code     0  libshutdown2.o(.ARM.Collect$$libshutdown$$00000011)
    __rt_lib_shutdown_return                 0x08000143   Thumb Code     0  libshutdown2.o(.ARM.Collect$$libshutdown$$00000012)
    __rt_lib_shutdown_signal_1               0x08000143   Thumb Code     0  libshutdown2.o(.ARM.Collect$$libshutdown$$0000000C)
    __rt_lib_shutdown_stdio_1                0x08000143   Thumb Code     0  libshutdown2.o(.ARM.Collect$$libshutdown$$00000006)
    __rt_lib_shutdown_user_alloc_1           0x08000143   Thumb Code     0  libshutdown2.o(.ARM.Collect$$libshutdown$$0000000E)
    __rt_entry                               0x08000145   Thumb Code     0  __rtentry.o(.ARM.Collect$$rtentry$$00000000)
    __rt_entry_presh_1                       0x08000145   Thumb Code     0  __rtentry2.o(.ARM.Collect$$rtentry$$00000002)
    __rt_entry_sh                            0x08000145   Thumb Code     0  __rtentry4.o(.ARM.Collect$$rtentry$$00000004)
    __rt_entry_li                            0x0800014b   Thumb Code     0  __rtentry2.o(.ARM.Collect$$rtentry$$0000000A)
    __rt_entry_postsh_1                      0x0800014b   Thumb Code     0  __rtentry2.o(.ARM.Collect$$rtentry$$00000009)
    __rt_entry_main                          0x0800014f   Thumb Code     0  __rtentry2.o(.ARM.Collect$$rtentry$$0000000D)
    __rt_entry_postli_1                      0x0800014f   Thumb Code     0  __rtentry2.o(.ARM.Collect$$rtentry$$0000000C)
    __rt_exit                                0x08000157   Thumb Code     0  rtexit.o(.ARM.Collect$$rtexit$$00000000)
    __rt_exit_ls                             0x08000159   Thumb Code     0  rtexit2.o(.ARM.Collect$$rtexit$$00000003)
    __rt_exit_prels_1                        0x08000159   Thumb Code     0  rtexit2.o(.ARM.Collect$$rtexit$$00000002)
    __rt_exit_exit                           0x0800015d   Thumb Code     0  rtexit2.o(.ARM.Collect$$rtexit$$00000004)
    Reset_Handler                            0x08000165   Thumb Code     8  startup_stm32f072xb.o(.text)
    ADC1_COMP_IRQHandler                     0x08000177   Thumb Code     0  startup_stm32f072xb.o(.text)
    CEC_CAN_IRQHandler                       0x08000177   Thumb Code     0  startup_stm32f072xb.o(.text)
    DMA1_Channel1_IRQHandler                 0x08000177   Thumb Code     0  startup_stm32f072xb.o(.text)
    DMA1_Channel2_3_IRQHandler               0x08000177   Thumb Code     0  startup_stm32f072xb.o(.text)
    DMA1_Channel4_5_6_7_IRQHandler           0x08000177   Thumb Code     0  startup_stm32f072xb.o(.text)
    EXTI0_1_IRQHandler                       0x08000177   Thumb Code     0  startup_stm32f072xb.o(.text)
    EXTI2_3_IRQHandler                       0x08000177   Thumb Code     0  startup_stm32f072xb.o(.text)
    EXTI4_15_IRQHandler                      0x08000177   Thumb Code     0  startup_stm32f072xb.o(.text)
    FLASH_IRQHandler                         0x08000177   Thumb Code     0  startup_stm32f072xb.o(.text)
    I2C1_IRQHandler                          0x08000177   Thumb Code     0  startup_stm32f072xb.o(.text)
    I2C2_IRQHandler                          0x08000177   Thumb Code     0  startup_stm32f072xb.o(.text)
    PVD_VDDIO2_IRQHandler                    0x08000177   Thumb Code     0  startup_stm32f072xb.o(.text)
    RCC_CRS_IRQHandler                       0x08000177   Thumb Code     0  startup_stm32f072xb.o(.text)
    RTC_IRQHandler                           0x08000177   Thumb Code     0  startup_stm32f072xb.o(.text)
    SPI1_IRQHandler                          0x08000177   Thumb Code     0  startup_stm32f072xb.o(.text)
    SPI2_IRQHandler                          0x08000177   Thumb Code     0  startup_stm32f072xb.o(.text)
    TIM14_IRQHandler                         0x08000177   Thumb Code     0  startup_stm32f072xb.o(.text)
    TIM15_IRQHandler                         0x08000177   Thumb Code     0  startup_stm32f072xb.o(.text)
    TIM16_IRQHandler                         0x08000177   Thumb Code     0  startup_stm32f072xb.o(.text)
    TIM17_IRQHandler                         0x08000177   Thumb Code     0  startup_stm32f072xb.o(.text)
    TIM1_BRK_UP_TRG_COM_IRQHandler           0x08000177   Thumb Code     0  startup_stm32f072xb.o(.text)
    TIM1_CC_IRQHandler                       0x08000177   Thumb Code     0  startup_stm32f072xb.o(.text)
    TIM2_IRQHandler                          0x08000177   Thumb Code     0  startup_stm32f072xb.o(.text)
    TIM3_IRQHandler                          0x08000177   Thumb Code     0  startup_stm32f072xb.o(.text)
    TSC_IRQHandler                           0x08000177   Thumb Code     0  startup_stm32f072xb.o(.text)
    USART1_IRQHandler                        0x08000177   Thumb Code     0  startup_stm32f072xb.o(.text)
    USART2_IRQHandler                        0x08000177   Thumb Code     0  startup_stm32f072xb.o(.text)
    USART3_4_IRQHandler                      0x08000177   Thumb Code     0  startup_stm32f072xb.o(.text)
    USB_IRQHandler                           0x08000177   Thumb Code     0  startup_stm32f072xb.o(.text)
    WWDG_IRQHandler                          0x08000177   Thumb Code     0  startup_stm32f072xb.o(.text)
    __user_initial_stackheap                 0x08000179   Thumb Code     0  startup_stm32f072xb.o(.text)
    __aeabi_uldivmod                         0x0800019d   Thumb Code   258  lludiv.o(.text)
    _ll_udiv                                 0x0800019d   Thumb Code     0  lludiv.o(.text)
    _memset_w                                0x0800029f   Thumb Code    26  rt_memclr.o(.text)
    _memset                                  0x080002b9   Thumb Code    30  rt_memclr.o(.text)
    __aeabi_memclr                           0x080002d7   Thumb Code     4  rt_memclr.o(.text)
    __rt_memclr                              0x080002d7   Thumb Code     0  rt_memclr.o(.text)
    __aeabi_memclr4                          0x080002db   Thumb Code     0  rt_memclr.o(.text)
    __aeabi_memclr8                          0x080002db   Thumb Code     0  rt_memclr.o(.text)
    __rt_memclr_w                            0x080002db   Thumb Code     4  rt_memclr.o(.text)
    __aeabi_uidiv                            0x080002df   Thumb Code     0  aeabi_sdiv.o(.text)
    __aeabi_uidivmod                         0x080002df   Thumb Code    20  aeabi_sdiv.o(.text)
    __aeabi_idiv                             0x080002f3   Thumb Code     0  aeabi_sdiv.o(.text)
    __aeabi_idivmod                          0x080002f3   Thumb Code   326  aeabi_sdiv.o(.text)
    __use_two_region_memory                  0x08000439   Thumb Code     2  heapauxi.o(.text)
    __rt_heap_escrow$2region                 0x0800043b   Thumb Code     2  heapauxi.o(.text)
    __rt_heap_expand$2region                 0x0800043d   Thumb Code     2  heapauxi.o(.text)
    __aeabi_ddiv                             0x08000441   Thumb Code     0  ddiv.o(.text)
    _ddiv                                    0x08000441   Thumb Code  1072  ddiv.o(.text)
    _drdiv                                   0x08000871   Thumb Code    20  ddiv.o(.text)
    __aeabi_d2iz                             0x08000889   Thumb Code     0  dfixi.o(.text)
    _dfix                                    0x08000889   Thumb Code    98  dfixi.o(.text)
    __aeabi_i2d_normalise                    0x080008f5   Thumb Code    66  dflti.o(.text)
    __aeabi_i2d                              0x08000937   Thumb Code    16  dflti.o(.text)
    _dflt                                    0x08000937   Thumb Code     0  dflti.o(.text)
    __aeabi_ui2d                             0x08000947   Thumb Code     6  dflti.o(.text)
    _dfltu                                   0x08000947   Thumb Code     0  dflti.o(.text)
    __read_errno                             0x0800094d   Thumb Code    10  _rserrno.o(.text)
    __set_errno                              0x08000957   Thumb Code    12  _rserrno.o(.text)
    __aeabi_dadd                             0x08000c5d   Thumb Code     0  daddsub.o(.text)
    _dadd                                    0x08000c5d   Thumb Code    26  daddsub.o(.text)
    __aeabi_dsub                             0x08000c77   Thumb Code     0  daddsub.o(.text)
    _dsub                                    0x08000c77   Thumb Code    22  daddsub.o(.text)
    __aeabi_drsub                            0x08000c8d   Thumb Code     0  daddsub.o(.text)
    _drsb                                    0x08000c8d   Thumb Code    28  daddsub.o(.text)
    __aeabi_dmul                             0x08000cbd   Thumb Code     0  dmul.o(.text)
    _dmul                                    0x08000cbd   Thumb Code   558  dmul.o(.text)
    __ARM_scalbn                             0x08000f05   Thumb Code    84  dscalbn.o(.text)
    __aeabi_errno_addr                       0x08000f65   Thumb Code     8  rt_errno_addr_intlibspace.o(.text)
    __errno$intlibspace                      0x08000f65   Thumb Code     0  rt_errno_addr_intlibspace.o(.text)
    __rt_errno_addr$intlibspace              0x08000f65   Thumb Code     0  rt_errno_addr_intlibspace.o(.text)
    __fpl_dcmp_InfNaN                        0x08000f6d   Thumb Code   140  dcmpin.o(.text)
    _dsqrt                                   0x08000ffd   Thumb Code   248  dsqrt.o(.text)
    __user_libspace                          0x080010fd   Thumb Code     8  libspace.o(.text)
    __user_perproc_libspace                  0x080010fd   Thumb Code     0  libspace.o(.text)
    __user_perthread_libspace                0x080010fd   Thumb Code     0  libspace.o(.text)
    __user_setup_stackheap                   0x08001105   Thumb Code    62  sys_stackheap_outer.o(.text)
    exit                                     0x08001143   Thumb Code    16  exit.o(.text)
    __fpl_cmpreturn                          0x08001153   Thumb Code    46  cmpret.o(.text)
    __fpl_dcheck_NaN2                        0x08001181   Thumb Code    14  dnan2.o(.text)
    __fpl_return_NaN                         0x08001195   Thumb Code    94  retnan.o(.text)
    _sys_exit                                0x080011f5   Thumb Code     8  sys_exit.o(.text)
    __I$use$semihosting                      0x08001201   Thumb Code     0  use_no_semi.o(.text)
    __use_no_semihosting_swi                 0x08001201   Thumb Code     2  use_no_semi.o(.text)
    __semihosting_library_function           0x08001203   Thumb Code     0  indicate_semi.o(.text)
    BT_usart_init                            0x08001205   Thumb Code   110  bt_usart.o(i.BT_usart_init)
    BT_usart_receive_char                    0x08001281   Thumb Code    18  bt_usart.o(i.BT_usart_receive_char)
    BT_usart_transmit_message                0x08001299   Thumb Code    42  bt_usart.o(i.BT_usart_transmit_message)
    HAL_Delay                                0x080012c9   Thumb Code    32  stm32f0xx_hal.o(i.HAL_Delay)
    HAL_GetTick                              0x080012ed   Thumb Code     6  stm32f0xx_hal.o(i.HAL_GetTick)
    HAL_IncTick                              0x080012f9   Thumb Code    12  stm32f0xx_hal.o(i.HAL_IncTick)
    HAL_Init                                 0x08001309   Thumb Code    26  stm32f0xx_hal.o(i.HAL_Init)
    HAL_InitTick                             0x08001329   Thumb Code    58  stm32f0xx_hal.o(i.HAL_InitTick)
    HAL_MspInit                              0x0800136d   Thumb Code    34  stm32f0xx_hal_msp.o(i.HAL_MspInit)
    HAL_NVIC_SetPriority                     0x08001395   Thumb Code     8  stm32f0xx_hal_cortex.o(i.HAL_NVIC_SetPriority)
    HAL_RCC_ClockConfig                      0x0800139d   Thumb Code   252  stm32f0xx_hal_rcc.o(i.HAL_RCC_ClockConfig)
    HAL_RCC_GetHCLKFreq                      0x080014ad   Thumb Code     6  stm32f0xx_hal_rcc.o(i.HAL_RCC_GetHCLKFreq)
    HAL_RCC_GetSysClockFreq                  0x080014b9   Thumb Code    86  stm32f0xx_hal_rcc.o(i.HAL_RCC_GetSysClockFreq)
    HAL_RCC_OscConfig                        0x08001521   Thumb Code  1028  stm32f0xx_hal_rcc.o(i.HAL_RCC_OscConfig)
    HAL_SYSTICK_Config                       0x08001925   Thumb Code    38  stm32f0xx_hal_cortex.o(i.HAL_SYSTICK_Config)
    HardFault_Handler                        0x08001955   Thumb Code     2  stm32f0xx_it.o(i.HardFault_Handler)
    LED_Init                                 0x08001959   Thumb Code    48  main.o(i.LED_Init)
    NMI_Handler                              0x08001991   Thumb Code     2  stm32f0xx_it.o(i.NMI_Handler)
    PendSV_Handler                           0x08001993   Thumb Code     2  stm32f0xx_it.o(i.PendSV_Handler)
    Rx_1_Byte                                0x08001995   Thumb Code    62  color_sensor_set.o(i.Rx_1_Byte)
    SVC_Handler                              0x080019e1   Thumb Code     2  stm32f0xx_it.o(i.SVC_Handler)
    Sonar_GetDistance                        0x080019e5   Thumb Code    32  distance_front.o(i.Sonar_GetDistance)
    SysTick_Handler                          0x08001a09   Thumb Code     8  stm32f0xx_it.o(i.SysTick_Handler)
    SystemClock_Config                       0x08001a11   Thumb Code    84  main.o(i.SystemClock_Config)
    SystemInit                               0x08001a65   Thumb Code     2  system_stm32f0xx.o(i.SystemInit)
    TIM6_DAC_IRQHandler                      0x08001a69   Thumb Code    36  motor.o(i.TIM6_DAC_IRQHandler)
    TIM7_IRQHandler                          0x08001a9d   Thumb Code    38  motor.o(i.TIM7_IRQHandler)
    Tx_1_Byte                                0x08001ad1   Thumb Code    54  color_sensor_set.o(i.Tx_1_Byte)
    Tx_2_Bytes                               0x08001b15   Thumb Code    78  color_sensor_set.o(i.Tx_2_Bytes)
    USART3_Init                              0x08001b75   Thumb Code    84  distance_front.o(i.USART3_Init)
    __ARM_common_ll_muluu                    0x08001bd1   Thumb Code    48  stm32f0xx_hal_rcc.o(i.__ARM_common_ll_muluu)
    __ARM_fpclassify                         0x08001c01   Thumb Code    40  fpclassify.o(i.__ARM_fpclassify)
    __kernel_poly                            0x08001c71   Thumb Code   172  poly.o(i.__kernel_poly)
    __mathlib_dbl_divzero                    0x08001d1d   Thumb Code    16  dunder.o(i.__mathlib_dbl_divzero)
    __mathlib_dbl_infnan                     0x08001d31   Thumb Code    10  dunder.o(i.__mathlib_dbl_infnan)
    __mathlib_dbl_infnan2                    0x08001d3b   Thumb Code     8  dunder.o(i.__mathlib_dbl_infnan2)
    __mathlib_dbl_invalid                    0x08001d43   Thumb Code    16  dunder.o(i.__mathlib_dbl_invalid)
    __mathlib_dbl_overflow                   0x08001d55   Thumb Code    16  dunder.o(i.__mathlib_dbl_overflow)
    __mathlib_dbl_underflow                  0x08001d69   Thumb Code    14  dunder.o(i.__mathlib_dbl_underflow)
    color_sensor_init                        0x08001d7d   Thumb Code    98  color_sensor_set.o(i.color_sensor_init)
    floor                                    0x08001e01   Thumb Code   180  floor.o(i.floor)
    getColor                                 0x08001ec9   Thumb Code    64  color_sensor_set.o(i.getColor)
    ir_2_getDist                             0x08001f11   Thumb Code    62  i3g_ir.o(i.ir_2_getDist)
    itoa                                     0x08001f5d   Thumb Code   162  bt_usart.o(i.itoa)
    left_PI_update                           0x08002001   Thumb Code    96  motor.o(i.left_PI_update)
    left_pwm_setDutyCycle                    0x08002065   Thumb Code    22  motor.o(i.left_pwm_setDutyCycle)
    log                                      0x08002081   Thumb Code   790  log.o(i.log)
    main                                     0x080023d5   Thumb Code   188  main.o(i.main)
    pow                                      0x080024c9   Thumb Code  2548  pow.o(i.pow)
    receive_char                             0x08002ec5   Thumb Code    18  distance_front.o(i.receive_char)
    right_PI_update                          0x08002edd   Thumb Code    96  motor.o(i.right_PI_update)
    right_pwm_setDutyCycle                   0x08002f41   Thumb Code    22  motor.o(i.right_pwm_setDutyCycle)
    sqrt                                     0x08002f5d   Thumb Code    66  sqrt.o(i.sqrt)
    transmit                                 0x08002fa5   Thumb Code    16  distance_front.o(i.transmit)
    __aeabi_cdcmpeq                          0x08002fb9   Thumb Code     0  deqf.o(x$fpl$deqf)
    _dcmpeq                                  0x08002fb9   Thumb Code    94  deqf.o(x$fpl$deqf)
    __aeabi_cdrcmple                         0x0800301d   Thumb Code     0  drlef.o(x$fpl$drleqf)
    _drcmple                                 0x0800301d   Thumb Code   100  drlef.o(x$fpl$drleqf)
    __I$use$fp                               0x08003084   Number         0  usenofp.o(x$fpl$usenofp)
    AHBPrescTable                            0x080030a4   Data          16  system_stm32f0xx.o(.constdata)
    __mathlib_zero                           0x080031f8   Data           8  qnan.o(.constdata)
    Region$$Table$$Base                      0x08003200   Number         0  anon$$obj.o(Region$$Table)
    Region$$Table$$Limit                     0x08003220   Number         0  anon$$obj.o(Region$$Table)
    bytes                                    0x20000007   Data           2  distance_front.o(.data)
    ir_1                                     0x2000000c   Data           2  i3g_ir.o(.data)
    ir_2                                     0x2000000e   Data           2  i3g_ir.o(.data)
    right_duty_cycle                         0x20000018   Data           1  motor.o(.data)
    right_Kp                                 0x20000019   Data           1  motor.o(.data)
    right_Ki                                 0x2000001a   Data           1  motor.o(.data)
    left_duty_cycle                          0x2000001b   Data           1  motor.o(.data)
    left_Kp                                  0x2000001c   Data           1  motor.o(.data)
    left_Ki                                  0x2000001d   Data           1  motor.o(.data)
    right_error_integral                     0x2000001e   Data           2  motor.o(.data)
    right_target_rpm                         0x20000020   Data           2  motor.o(.data)
    right_motor_speed                        0x20000022   Data           2  motor.o(.data)
    right_error                              0x20000024   Data           2  motor.o(.data)
    left_error_integral                      0x20000026   Data           2  motor.o(.data)
    left_target_rpm                          0x20000028   Data           2  motor.o(.data)
    left_motor_speed                         0x2000002a   Data           2  motor.o(.data)
    left_error                               0x2000002c   Data           2  motor.o(.data)
    uwTickFreq                               0x20000030   Data           1  stm32f0xx_hal.o(.data)
    uwTickPrio                               0x20000034   Data           4  stm32f0xx_hal.o(.data)
    uwTick                                   0x20000038   Data           4  stm32f0xx_hal.o(.data)
    SystemCoreClock                          0x2000003c   Data           4  system_stm32f0xx.o(.data)
    __libspace_start                         0x20000040   Data          96  libspace.o(.bss)
    __temporary_stack_top$libspace           0x200000a0   Data           0  libspace.o(.bss)



==============================================================================

Memory Map of the image

  Image Entry point : 0x080000c1

  Load Region LR_IROM1 (Base: 0x08000000, Size: 0x00003260, Max: 0x00010000, ABSOLUTE)

    Execution Region ER_IROM1 (Exec base: 0x08000000, Load base: 0x08000000, Size: 0x00003220, Max: 0x00010000, ABSOLUTE)

    Exec Addr    Load Addr    Size         Type   Attr      Idx    E Section Name        Object

    0x08000000   0x08000000   0x000000c0   Data   RO            3    RESET               startup_stm32f072xb.o
    0x080000c0   0x080000c0   0x00000008   Code   RO         2185  * !!!main             c_p.l(__main.o)
    0x080000c8   0x080000c8   0x0000003c   Code   RO         2448    !!!scatter          c_p.l(__scatter.o)
    0x08000104   0x08000104   0x0000001a   Code   RO         2450    !!handler_copy      c_p.l(__scatter_copy.o)
    0x0800011e   0x0800011e   0x00000002   PAD
    0x08000120   0x08000120   0x0000001c   Code   RO         2452    !!handler_zi        c_p.l(__scatter_zi.o)
    0x0800013c   0x0800013c   0x00000002   Code   RO         2312    .ARM.Collect$$libinit$$00000000  c_p.l(libinit.o)
    0x0800013e   0x0800013e   0x00000000   Code   RO         2327    .ARM.Collect$$libinit$$00000002  c_p.l(libinit2.o)
    0x0800013e   0x0800013e   0x00000000   Code   RO         2329    .ARM.Collect$$libinit$$00000004  c_p.l(libinit2.o)
    0x0800013e   0x0800013e   0x00000000   Code   RO         2332    .ARM.Collect$$libinit$$0000000A  c_p.l(libinit2.o)
    0x0800013e   0x0800013e   0x00000000   Code   RO         2334    .ARM.Collect$$libinit$$0000000C  c_p.l(libinit2.o)
    0x0800013e   0x0800013e   0x00000000   Code   RO         2336    .ARM.Collect$$libinit$$0000000E  c_p.l(libinit2.o)
    0x0800013e   0x0800013e   0x00000000   Code   RO         2339    .ARM.Collect$$libinit$$00000011  c_p.l(libinit2.o)
    0x0800013e   0x0800013e   0x00000000   Code   RO         2341    .ARM.Collect$$libinit$$00000013  c_p.l(libinit2.o)
    0x0800013e   0x0800013e   0x00000000   Code   RO         2343    .ARM.Collect$$libinit$$00000015  c_p.l(libinit2.o)
    0x0800013e   0x0800013e   0x00000000   Code   RO         2345    .ARM.Collect$$libinit$$00000017  c_p.l(libinit2.o)
    0x0800013e   0x0800013e   0x00000000   Code   RO         2347    .ARM.Collect$$libinit$$00000019  c_p.l(libinit2.o)
    0x0800013e   0x0800013e   0x00000000   Code   RO         2349    .ARM.Collect$$libinit$$0000001B  c_p.l(libinit2.o)
    0x0800013e   0x0800013e   0x00000000   Code   RO         2351    .ARM.Collect$$libinit$$0000001D  c_p.l(libinit2.o)
    0x0800013e   0x0800013e   0x00000000   Code   RO         2353    .ARM.Collect$$libinit$$0000001F  c_p.l(libinit2.o)
    0x0800013e   0x0800013e   0x00000000   Code   RO         2355    .ARM.Collect$$libinit$$00000021  c_p.l(libinit2.o)
    0x0800013e   0x0800013e   0x00000000   Code   RO         2357    .ARM.Collect$$libinit$$00000023  c_p.l(libinit2.o)
    0x0800013e   0x0800013e   0x00000000   Code   RO         2359    .ARM.Collect$$libinit$$00000025  c_p.l(libinit2.o)
    0x0800013e   0x0800013e   0x00000000   Code   RO         2363    .ARM.Collect$$libinit$$0000002C  c_p.l(libinit2.o)
    0x0800013e   0x0800013e   0x00000000   Code   RO         2365    .ARM.Collect$$libinit$$0000002E  c_p.l(libinit2.o)
    0x0800013e   0x0800013e   0x00000000   Code   RO         2367    .ARM.Collect$$libinit$$00000030  c_p.l(libinit2.o)
    0x0800013e   0x0800013e   0x00000000   Code   RO         2369    .ARM.Collect$$libinit$$00000032  c_p.l(libinit2.o)
    0x0800013e   0x0800013e   0x00000002   Code   RO         2370    .ARM.Collect$$libinit$$00000033  c_p.l(libinit2.o)
    0x08000140   0x08000140   0x00000002   Code   RO         2403    .ARM.Collect$$libshutdown$$00000000  c_p.l(libshutdown.o)
    0x08000142   0x08000142   0x00000000   Code   RO         2429    .ARM.Collect$$libshutdown$$00000002  c_p.l(libshutdown2.o)
    0x08000142   0x08000142   0x00000000   Code   RO         2431    .ARM.Collect$$libshutdown$$00000004  c_p.l(libshutdown2.o)
    0x08000142   0x08000142   0x00000000   Code   RO         2433    .ARM.Collect$$libshutdown$$00000006  c_p.l(libshutdown2.o)
    0x08000142   0x08000142   0x00000000   Code   RO         2436    .ARM.Collect$$libshutdown$$00000009  c_p.l(libshutdown2.o)
    0x08000142   0x08000142   0x00000000   Code   RO         2439    .ARM.Collect$$libshutdown$$0000000C  c_p.l(libshutdown2.o)
    0x08000142   0x08000142   0x00000000   Code   RO         2441    .ARM.Collect$$libshutdown$$0000000E  c_p.l(libshutdown2.o)
    0x08000142   0x08000142   0x00000000   Code   RO         2444    .ARM.Collect$$libshutdown$$00000011  c_p.l(libshutdown2.o)
    0x08000142   0x08000142   0x00000002   Code   RO         2445    .ARM.Collect$$libshutdown$$00000012  c_p.l(libshutdown2.o)
    0x08000144   0x08000144   0x00000000   Code   RO         2218    .ARM.Collect$$rtentry$$00000000  c_p.l(__rtentry.o)
    0x08000144   0x08000144   0x00000000   Code   RO         2268    .ARM.Collect$$rtentry$$00000002  c_p.l(__rtentry2.o)
    0x08000144   0x08000144   0x00000006   Code   RO         2280    .ARM.Collect$$rtentry$$00000004  c_p.l(__rtentry4.o)
    0x0800014a   0x0800014a   0x00000000   Code   RO         2270    .ARM.Collect$$rtentry$$00000009  c_p.l(__rtentry2.o)
    0x0800014a   0x0800014a   0x00000004   Code   RO         2271    .ARM.Collect$$rtentry$$0000000A  c_p.l(__rtentry2.o)
    0x0800014e   0x0800014e   0x00000000   Code   RO         2273    .ARM.Collect$$rtentry$$0000000C  c_p.l(__rtentry2.o)
    0x0800014e   0x0800014e   0x00000008   Code   RO         2274    .ARM.Collect$$rtentry$$0000000D  c_p.l(__rtentry2.o)
    0x08000156   0x08000156   0x00000002   Code   RO         2318    .ARM.Collect$$rtexit$$00000000  c_p.l(rtexit.o)
    0x08000158   0x08000158   0x00000000   Code   RO         2376    .ARM.Collect$$rtexit$$00000002  c_p.l(rtexit2.o)
    0x08000158   0x08000158   0x00000004   Code   RO         2377    .ARM.Collect$$rtexit$$00000003  c_p.l(rtexit2.o)
    0x0800015c   0x0800015c   0x00000006   Code   RO         2378    .ARM.Collect$$rtexit$$00000004  c_p.l(rtexit2.o)
    0x08000162   0x08000162   0x00000002   PAD
    0x08000164   0x08000164   0x00000038   Code   RO            4    .text               startup_stm32f072xb.o
    0x0800019c   0x0800019c   0x00000102   Code   RO         2175    .text               c_p.l(lludiv.o)
    0x0800029e   0x0800029e   0x00000040   Code   RO         2177    .text               c_p.l(rt_memclr.o)
    0x080002de   0x080002de   0x0000015a   Code   RO         2179    .text               c_p.l(aeabi_sdiv.o)
    0x08000438   0x08000438   0x00000006   Code   RO         2183    .text               c_p.l(heapauxi.o)
    0x0800043e   0x0800043e   0x00000002   PAD
    0x08000440   0x08000440   0x00000448   Code   RO         2187    .text               fz_ps.l(ddiv.o)
    0x08000888   0x08000888   0x0000006c   Code   RO         2190    .text               fz_ps.l(dfixi.o)
    0x080008f4   0x080008f4   0x00000058   Code   RO         2192    .text               fz_ps.l(dflti.o)
    0x0800094c   0x0800094c   0x00000016   Code   RO         2227    .text               c_p.l(_rserrno.o)
    0x08000962   0x08000962   0x00000002   PAD
    0x08000964   0x08000964   0x00000358   Code   RO         2229    .text               fz_ps.l(daddsub.o)
    0x08000cbc   0x08000cbc   0x00000248   Code   RO         2233    .text               fz_ps.l(dmul.o)
    0x08000f04   0x08000f04   0x00000060   Code   RO         2237    .text               fz_ps.l(dscalbn.o)
    0x08000f64   0x08000f64   0x00000008   Code   RO         2287    .text               c_p.l(rt_errno_addr_intlibspace.o)
    0x08000f6c   0x08000f6c   0x00000090   Code   RO         2289    .text               fz_ps.l(dcmpin.o)
    0x08000ffc   0x08000ffc   0x00000100   Code   RO         2293    .text               fz_ps.l(dsqrt.o)
    0x080010fc   0x080010fc   0x00000008   Code   RO         2295    .text               c_p.l(libspace.o)
    0x08001104   0x08001104   0x0000003e   Code   RO         2298    .text               c_p.l(sys_stackheap_outer.o)
    0x08001142   0x08001142   0x00000010   Code   RO         2301    .text               c_p.l(exit.o)
    0x08001152   0x08001152   0x0000002e   Code   RO         2313    .text               fz_ps.l(cmpret.o)
    0x08001180   0x08001180   0x00000014   Code   RO         2315    .text               fz_ps.l(dnan2.o)
    0x08001194   0x08001194   0x0000005e   Code   RO         2371    .text               fz_ps.l(retnan.o)
    0x080011f2   0x080011f2   0x00000002   PAD
    0x080011f4   0x080011f4   0x0000000c   Code   RO         2373    .text               c_p.l(sys_exit.o)
    0x08001200   0x08001200   0x00000002   Code   RO         2392    .text               c_p.l(use_no_semi.o)
    0x08001202   0x08001202   0x00000000   Code   RO         2394    .text               c_p.l(indicate_semi.o)
    0x08001202   0x08001202   0x00000002   PAD
    0x08001204   0x08001204   0x0000007c   Code   RO          223    i.BT_usart_init     bt_usart.o
    0x08001280   0x08001280   0x00000018   Code   RO          224    i.BT_usart_receive_char  bt_usart.o
    0x08001298   0x08001298   0x00000030   Code   RO          225    i.BT_usart_transmit_message  bt_usart.o
    0x080012c8   0x080012c8   0x00000024   Code   RO          812    i.HAL_Delay         stm32f0xx_hal.o
    0x080012ec   0x080012ec   0x0000000c   Code   RO          816    i.HAL_GetTick       stm32f0xx_hal.o
    0x080012f8   0x080012f8   0x00000010   Code   RO          822    i.HAL_IncTick       stm32f0xx_hal.o
    0x08001308   0x08001308   0x00000020   Code   RO          823    i.HAL_Init          stm32f0xx_hal.o
    0x08001328   0x08001328   0x00000044   Code   RO          824    i.HAL_InitTick      stm32f0xx_hal.o
    0x0800136c   0x0800136c   0x00000028   Code   RO          203    i.HAL_MspInit       stm32f0xx_hal_msp.o
    0x08001394   0x08001394   0x00000008   Code   RO         1649    i.HAL_NVIC_SetPriority  stm32f0xx_hal_cortex.o
    0x0800139c   0x0800139c   0x00000110   Code   RO          627    i.HAL_RCC_ClockConfig  stm32f0xx_hal_rcc.o
    0x080014ac   0x080014ac   0x0000000c   Code   RO          632    i.HAL_RCC_GetHCLKFreq  stm32f0xx_hal_rcc.o
    0x080014b8   0x080014b8   0x00000068   Code   RO          635    i.HAL_RCC_GetSysClockFreq  stm32f0xx_hal_rcc.o
    0x08001520   0x08001520   0x00000404   Code   RO          638    i.HAL_RCC_OscConfig  stm32f0xx_hal_rcc.o
    0x08001924   0x08001924   0x00000030   Code   RO         1653    i.HAL_SYSTICK_Config  stm32f0xx_hal_cortex.o
    0x08001954   0x08001954   0x00000002   Code   RO          156    i.HardFault_Handler  stm32f0xx_it.o
    0x08001956   0x08001956   0x00000002   PAD
    0x08001958   0x08001958   0x00000038   Code   RO           13    i.LED_Init          main.o
    0x08001990   0x08001990   0x00000002   Code   RO          157    i.NMI_Handler       stm32f0xx_it.o
    0x08001992   0x08001992   0x00000002   Code   RO          158    i.PendSV_Handler    stm32f0xx_it.o
    0x08001994   0x08001994   0x0000004c   Code   RO          278    i.Rx_1_Byte         color_sensor_set.o
    0x080019e0   0x080019e0   0x00000002   Code   RO          159    i.SVC_Handler       stm32f0xx_it.o
    0x080019e2   0x080019e2   0x00000002   PAD
    0x080019e4   0x080019e4   0x00000024   Code   RO          334    i.Sonar_GetDistance  distance_front.o
    0x08001a08   0x08001a08   0x00000008   Code   RO          160    i.SysTick_Handler   stm32f0xx_it.o
    0x08001a10   0x08001a10   0x00000054   Code   RO           14    i.SystemClock_Config  main.o
    0x08001a64   0x08001a64   0x00000002   Code   RO         2140    i.SystemInit        system_stm32f0xx.o
    0x08001a66   0x08001a66   0x00000002   PAD
    0x08001a68   0x08001a68   0x00000034   Code   RO          468    i.TIM6_DAC_IRQHandler  motor.o
    0x08001a9c   0x08001a9c   0x00000034   Code   RO          469    i.TIM7_IRQHandler   motor.o
    0x08001ad0   0x08001ad0   0x00000044   Code   RO          280    i.Tx_1_Byte         color_sensor_set.o
    0x08001b14   0x08001b14   0x00000060   Code   RO          281    i.Tx_2_Bytes        color_sensor_set.o
    0x08001b74   0x08001b74   0x0000005c   Code   RO          335    i.USART3_Init       distance_front.o
    0x08001bd0   0x08001bd0   0x00000030   Code   RO          713    i.__ARM_common_ll_muluu  stm32f0xx_hal_rcc.o
    0x08001c00   0x08001c00   0x0000002c   Code   RO         2254    i.__ARM_fpclassify  m_ps.l(fpclassify.o)
    0x08001c2c   0x08001c2c   0x00000044   Code   RO         1655    i.__NVIC_SetPriority  stm32f0xx_hal_cortex.o
    0x08001c70   0x08001c70   0x000000ac   Code   RO         2256    i.__kernel_poly     m_ps.l(poly.o)
    0x08001d1c   0x08001d1c   0x00000014   Code   RO         2240    i.__mathlib_dbl_divzero  m_ps.l(dunder.o)
    0x08001d30   0x08001d30   0x0000000a   Code   RO         2241    i.__mathlib_dbl_infnan  m_ps.l(dunder.o)
    0x08001d3a   0x08001d3a   0x00000008   Code   RO         2242    i.__mathlib_dbl_infnan2  m_ps.l(dunder.o)
    0x08001d42   0x08001d42   0x00000010   Code   RO         2243    i.__mathlib_dbl_invalid  m_ps.l(dunder.o)
    0x08001d52   0x08001d52   0x00000002   PAD
    0x08001d54   0x08001d54   0x00000014   Code   RO         2244    i.__mathlib_dbl_overflow  m_ps.l(dunder.o)
    0x08001d68   0x08001d68   0x00000014   Code   RO         2246    i.__mathlib_dbl_underflow  m_ps.l(dunder.o)
    0x08001d7c   0x08001d7c   0x00000084   Code   RO          282    i.color_sensor_init  color_sensor_set.o
    0x08001e00   0x08001e00   0x000000c8   Code   RO         2195    i.floor             m_ps.l(floor.o)
    0x08001ec8   0x08001ec8   0x00000048   Code   RO          283    i.getColor          color_sensor_set.o
    0x08001f10   0x08001f10   0x0000004c   Code   RO          395    i.ir_2_getDist      i3g_ir.o
    0x08001f5c   0x08001f5c   0x000000a2   Code   RO          226    i.itoa              bt_usart.o
    0x08001ffe   0x08001ffe   0x00000002   PAD
    0x08002000   0x08002000   0x00000064   Code   RO          472    i.left_PI_update    motor.o
    0x08002064   0x08002064   0x0000001c   Code   RO          476    i.left_pwm_setDutyCycle  motor.o
    0x08002080   0x08002080   0x00000354   Code   RO         2199    i.log               m_ps.l(log.o)
    0x080023d4   0x080023d4   0x000000f4   Code   RO           15    i.main              main.o
    0x080024c8   0x080024c8   0x000009fc   Code   RO         2209    i.pow               m_ps.l(pow.o)
    0x08002ec4   0x08002ec4   0x00000018   Code   RO          336    i.receive_char      distance_front.o
    0x08002edc   0x08002edc   0x00000064   Code   RO          477    i.right_PI_update   motor.o
    0x08002f40   0x08002f40   0x0000001c   Code   RO          481    i.right_pwm_setDutyCycle  motor.o
    0x08002f5c   0x08002f5c   0x00000048   Code   RO         2260    i.sqrt              m_ps.l(sqrt.o)
    0x08002fa4   0x08002fa4   0x00000014   Code   RO          337    i.transmit          distance_front.o
    0x08002fb8   0x08002fb8   0x00000064   Code   RO         2231    x$fpl$deqf          fz_ps.l(deqf.o)
    0x0800301c   0x0800301c   0x00000068   Code   RO         2235    x$fpl$drleqf        fz_ps.l(drlef.o)
    0x08003084   0x08003084   0x00000000   Code   RO         2239    x$fpl$usenofp       fz_ps.l(usenofp.o)
    0x08003084   0x08003084   0x00000020   Data   RO          639    .constdata          stm32f0xx_hal_rcc.o
    0x080030a4   0x080030a4   0x00000010   Data   RO         2141    .constdata          system_stm32f0xx.o
    0x080030b4   0x080030b4   0x00000080   Data   RO         2188    .constdata          fz_ps.l(ddiv.o)
    0x08003134   0x08003134   0x00000004   PAD
    0x08003138   0x08003138   0x00000038   Data   RO         2200    .constdata          m_ps.l(log.o)
    0x08003170   0x08003170   0x00000088   Data   RO         2210    .constdata          m_ps.l(pow.o)
    0x080031f8   0x080031f8   0x00000008   Data   RO         2258    .constdata          m_ps.l(qnan.o)
    0x08003200   0x08003200   0x00000020   Data   RO         2446    Region$$Table       anon$$obj.o


    Execution Region RW_IRAM1 (Exec base: 0x20000000, Load base: 0x08003220, Size: 0x000006a0, Max: 0x00004000, ABSOLUTE)

    Exec Addr    Load Addr    Size         Type   Attr      Idx    E Section Name        Object

    0x20000000   0x08003220   0x00000007   Data   RW          284    .data               color_sensor_set.o
    0x20000007   0x08003227   0x00000002   Data   RW          339    .data               distance_front.o
    0x20000009   0x08003229   0x00000001   PAD
    0x2000000a   0x0800322a   0x0000000e   Data   RW          398    .data               i3g_ir.o
    0x20000018   0x08003238   0x00000016   Data   RW          486    .data               motor.o
    0x2000002e   0x0800324e   0x00000002   PAD
    0x20000030   0x08003250   0x0000000c   Data   RW          830    .data               stm32f0xx_hal.o
    0x2000003c   0x0800325c   0x00000004   Data   RW         2143    .data               system_stm32f0xx.o
    0x20000040        -       0x00000060   Zero   RW         2296    .bss                c_p.l(libspace.o)
    0x200000a0        -       0x00000200   Zero   RW            2    HEAP                startup_stm32f072xb.o
    0x200002a0        -       0x00000400   Zero   RW            1    STACK               startup_stm32f072xb.o


==============================================================================

Image component sizes


      Code (inc. data)   RO Data    RW Data    ZI Data      Debug   Object Name

       358         26          0          0          0       2671   bt_usart.o
       444         88          0          7          0       4133   color_sensor_set.o
       172         22          0          2          0       2798   distance_front.o
        76         14          0         14          0       2152   i3g_ir.o
       384         64          0          0          0     418259   main.o
       360         50          0         22          0       4422   motor.o
        56         26        192          0       1536        660   startup_stm32f072xb.o
       164         30          0         12          0       8709   stm32f0xx_hal.o
       124         18          0          0          0       9752   stm32f0xx_hal_cortex.o
        40          6          0          0          0        870   stm32f0xx_hal_msp.o
      1464         60         32          0          0       4830   stm32f0xx_hal_rcc.o
        16          0          0          0          0       2247   stm32f0xx_it.o
         2          0         16          4          0       1183   system_stm32f0xx.o

    ----------------------------------------------------------------------
      3668        404        272         64       1536     462686   Object Totals
         0          0         32          0          0          0   (incl. Generated)
         8          0          0          3          0          0   (incl. Padding)

    ----------------------------------------------------------------------

      Code (inc. data)   RO Data    RW Data    ZI Data      Debug   Library Member Name

         8          0          0          0          0         68   __main.o
         0          0          0          0          0          0   __rtentry.o
        12          0          0          0          0          0   __rtentry2.o
         6          0          0          0          0          0   __rtentry4.o
        60          8          0          0          0          0   __scatter.o
        26          0          0          0          0          0   __scatter_copy.o
        28          0          0          0          0          0   __scatter_zi.o
        22          0          0          0          0         92   _rserrno.o
       346          0          0          0          0         92   aeabi_sdiv.o
        16          0          0          0          0         68   exit.o
         6          0          0          0          0        136   heapauxi.o
         0          0          0          0          0          0   indicate_semi.o
         2          0          0          0          0          0   libinit.o
         2          0          0          0          0          0   libinit2.o
         2          0          0          0          0          0   libshutdown.o
         2          0          0          0          0          0   libshutdown2.o
         8          4          0          0         96         68   libspace.o
       258          0          0          0          0         88   lludiv.o
         8          4          0          0          0         68   rt_errno_addr_intlibspace.o
        64          0          0          0          0        108   rt_memclr.o
         2          0          0          0          0          0   rtexit.o
        10          0          0          0          0          0   rtexit2.o
        12          4          0          0          0         60   sys_exit.o
        62          0          0          0          0         80   sys_stackheap_outer.o
         2          0          0          0          0         68   use_no_semi.o
        46          0          0          0          0         60   cmpret.o
       856         20          0          0          0        208   daddsub.o
       144          4          0          0          0         76   dcmpin.o
      1096         26        128          0          0        112   ddiv.o
       100          4          0          0          0         92   deqf.o
       108         10          0          0          0         72   dfixi.o
        88          0          0          0          0         92   dflti.o
       584         26          0          0          0         84   dmul.o
        20          6          0          0          0         68   dnan2.o
       104          4          0          0          0        104   drlef.o
        96         12          0          0          0         72   dscalbn.o
       256          8          0          0          0         76   dsqrt.o
        94          0          0          0          0         68   retnan.o
         0          0          0          0          0          0   usenofp.o
        94         14          0          0          0        408   dunder.o
       200         20          0          0          0         76   floor.o
        44          4          0          0          0         60   fpclassify.o
       852         62         56          0          0        136   log.o
       172          0          0          0          0         76   poly.o
      2556        196        136          0          0        240   pow.o
         0          0          8          0          0          0   qnan.o
        72          6          0          0          0         76   sqrt.o

    ----------------------------------------------------------------------
      8560        442        332          0         96       3252   Library Totals
        14          0          4          0          0          0   (incl. Padding)

    ----------------------------------------------------------------------

      Code (inc. data)   RO Data    RW Data    ZI Data      Debug   Library Name

       964         20          0          0         96        996   c_p.l
      3592        120        128          0          0       1184   fz_ps.l
      3990        302        200          0          0       1072   m_ps.l

    ----------------------------------------------------------------------
      8560        442        332          0         96       3252   Library Totals

    ----------------------------------------------------------------------

==============================================================================


      Code (inc. data)   RO Data    RW Data    ZI Data      Debug   

     12228        846        604         64       1632     462822   Grand Totals
     12228        846        604         64       1632     462822   ELF Image Totals
     12228        846        604         64          0          0   ROM Totals

==============================================================================

    Total RO  Size (Code + RO Data)                12832 (  12.53kB)
    Total RW  Size (RW Data + ZI Data)              1696 (   1.66kB)
    Total ROM Size (Code + RO Data + RW Data)      12896 (  12.59kB)

==============================================================================

